
######################################################################
# run started 2026-09-17 18:02:59
# train_primitives_vison.py --tasks dial_turn --out-prefix dial_turn
######################################################################
======================================================================
JOINT VISION-PRIMITIVE TRAINING — robosuite
  Tasks: dial_turn
  Batch: {'dial_turn': 20}
  Proprio dim: 31 (shared trunk)
  Viewer: on
  Saving to dial_turn_*  every 50 iters
======================================================================

[1] DINOv3 backbone (shared)...
  DINOv3: 64x64 → 4x4 patches, dim=768

[2] Shared primitive policy...

  Primitive Policy:
    Projection: 768 → 128 (1 camera) → spatial softmax → 256
    Trunk: 287 → 256 → 256 (shared)
    Heads (14), 2 hidden layer(s), width by usage:
      reach          256 → 224 → 224 → 8    109,768 params
      descend        256 → 112 → 112 → 8     42,344 params
      grasp          256 → 192 → 192 → 8     87,944 params
      move           256 → 96 → 96 → 8     34,760 params
      release        256 → 80 → 80 → 8     27,688 params
      align          256 → 32 → 32 → 8      9,544 params
      insert         256 → 32 → 32 → 8      9,544 params
      pull_drawer    256 → 32 → 32 → 8      9,544 params
      push_drawer    256 → 32 → 32 → 8      9,544 params
      push_object    256 → 32 → 32 → 8      9,544 params
      slide_open     256 → 32 → 32 → 8      9,544 params
      slide_close    256 → 32 → 32 → 8      9,544 params
      turn           256 → 32 → 32 → 8      9,544 params
      swing          256 → 32 → 32 → 8      9,544 params
    Shared: 239,038   Heads: 388,400   Total trainable: 627,438

[3] Building task 'dial_turn' (articulated env) ...

[1] Loading MuJoCo model: /home/emre/newton_diff_RL/MJX_Franka_DiffSim/assets/robosuite_dial.xml
  ee_site: 3
  hand_body: 13
  handle_site: 8
  joint_qpos_idx: 9
  nq=10, nu=9, nsite=9
  Steps: 115, Chunks: 23, Chunk size: 5
  Feature slots: 24, frame_dt: 0.0400s

[2] Creating MJWarp GPU renderer...
Warp 1.16.0 initialized:
   CUDA Toolkit 12.9, Driver 13.0
   Devices:
     "cpu"      : "x86_64"
     "cuda:0"   : "NVIDIA GeForce RTX 5060 Laptop GPU" (8 GiB, sm_120, mempool enabled)
   Kernel cache:
     /home/emre/.cache/warp/1.16.0
Module mujoco.mjx.third_party.mujoco_warp._src.render_util 97c6606 load on device 'cuda:0' took 0.70 ms  (cached)
Module mujoco.mjx.third_party.mujoco_warp._src.io 89aaeca load on device 'cuda:0' took 3.43 ms  (cached)
Module mujoco.mjx.third_party.mujoco_warp._src.bvh f2c5137 load on device 'cuda:0' took 0.88 ms  (cached)
  Camera: robot0_eye_in_hand → cam_id: 5
  Render context: nworld=20, 64x64
Module mujoco.mjx.warp.ffi 7a22eb4 load on device 'cuda:0' took 0.59 ms  (cached)
Module mujoco.mjx.third_party.mujoco_warp._src.smooth 47158eb load on device 'cuda:0' took 4.14 ms  (cached)
Module _nxn_broadphase__locals__kernel_3e896ca5 3e896ca load on device 'cuda:0' took 0.69 ms  (cached)
Module ccd_kernel_builder__locals__ccd_kernel_ef3754c3 ef3754c load on device 'cuda:0' took 1.68 ms  (cached)
Module ccd_kernel_builder__locals__ccd_kernel_ef3754c3 231e976 load on device 'cuda:0' took 1.54 ms  (cached)
Module _primitive_narrowphase__locals__primitive_narrowphase_caf42918 caf4291 load on device 'cuda:0' took 47.96 ms  (cached)
Module mujoco.mjx.third_party.mujoco_warp._src.constraint 36c8060 load on device 'cuda:0' took 0.42 ms  (cached)
Module _friction_dof__locals__kernel_a6ed3529 a6ed352 load on device 'cuda:0' took 0.58 ms  (cached)
Module _limit_slide_hinge__locals__kernel_56cb53b3 56cb53b load on device 'cuda:0' took 3.99 ms  (cached)
Module _efc_contact_init__locals__kernel_0bd15084 0bd1508 load on device 'cuda:0' took 0.50 ms  (cached)
Module _efc_contact_jac_dense__locals__kernel_f15eda8d 1ff2125 load on device 'cuda:0' took 0.62 ms  (cached)
Module _efc_contact_update__locals__kernel_8c34abe6 8c34abe load on device 'cuda:0' took 0.42 ms  (cached)
Module mujoco.mjx.third_party.mujoco_warp._src.forward 81c85c8 load on device 'cuda:0' took 1.04 ms  (cached)
Module mujoco.mjx.third_party.mujoco_warp._src.passive efc109c load on device 'cuda:0' took 1.00 ms  (cached)
Module mujoco.mjx.third_party.mujoco_warp._src.forward fc5c4e4 load on device 'cuda:0' took 1.03 ms  (cached)
Module _qfrc_smooth__locals__kernel_b98573a2 b98573a load on device 'cuda:0' took 0.60 ms  (cached)
Module mujoco.mjx.third_party.mujoco_warp._src.support ca784c5 load on device 'cuda:0' took 0.63 ms  (cached)
Module _tile_cholesky_factorize_solve_block__locals__kernel_8d2c83d3 bb4c15e load on device 'cuda:0' took 30.72 ms  (cached)
Module mujoco.mjx.third_party.mujoco_warp._src.solver 4a1f2fb load on device 'cuda:0' took 1.45 ms  (cached)
Module _solve_init_jaref_kernel__locals__kernel_2818534b 2818534 load on device 'cuda:0' took 1.18 ms  (cached)
Module mul_m_kernel__locals___mul_m_dc7994af dc7994a load on device 'cuda:0' took 0.51 ms  (cached)
Module _update_constraint_efc__locals__kernel_34351367 3435136 load on device 'cuda:0' took 0.52 ms  (cached)
Module _update_constraint_init_qfrc_constraint_dense__locals__kernel_626172ab 626172a load on device 'cuda:0' took 0.43 ms  (cached)
Module _update_gradient_zero_grad_dot__locals__kernel_d22ec30a d22ec30 load on device 'cuda:0' took 0.40 ms  (cached)
Module _update_gradient_grad__locals__kernel_30531d0a 30531d0 load on device 'cuda:0' took 0.37 ms  (cached)
Module _update_gradient_JTDAJ_dense_tiled__locals__kernel_688e8ced ac20d88 load on device 'cuda:0' took 0.68 ms  (cached)
Module _update_gradient_cholesky__locals__kernel_31aec00c a48e6c9 load on device 'cuda:0' took 27.18 ms  (cached)
Module _linesearch_iterative_kernel__locals__kernel_fd8c9e1b c7b3998 load on device 'cuda:0' took 0.70 ms  (cached)
Module _update_constraint_efc__locals__kernel_8791d97d 8791d97 load on device 'cuda:0' took 0.77 ms  (cached)
Module _update_constraint_init_qfrc_constraint_dense__locals__kernel_e7e36618 e7e3661 load on device 'cuda:0' took 0.62 ms  (cached)
Module _update_gradient_zero_grad_dot__locals__kernel_e3354673 e335467 load on device 'cuda:0' took 0.38 ms  (cached)
Module _update_gradient_grad__locals__kernel_f92b7b33 f92b7b3 load on device 'cuda:0' took 0.31 ms  (cached)
Module _update_gradient_cholesky__locals__kernel_3d2c3cb7 3d6531e load on device 'cuda:0' took 33.12 ms  (cached)
Module _solve_zero_search_dot__locals__kernel_a3b7406e a3b7406 load on device 'cuda:0' took 0.69 ms  (cached)
Module _solve_search_update__locals__kernel_f542f3c2 f542f3c load on device 'cuda:0' took 0.86 ms  (cached)
Module mujoco.mjx.third_party.mujoco_warp._src.sensor de892d8 load on device 'cuda:0' took 1.82 ms  (cached)
    segments [35, 20, 10, 50] → primitives ['reach', 'descend', 'grasp', 'turn']

  Task minibatching: off (one update per iteration).

  Active primitives: reach, descend, grasp, turn
  Head LR: 2.0e-04
✓ Viewer opened — close it to stop training (a checkpoint is written first)

======================================================================
Training — stop when all 1 tasks hold ≥80% success for 4 consecutive logs
======================================================================
Module render__locals___render_megakernel_b55cbe04 a6579b0 load on device 'cuda:0' took 7.48 ms  (cached)
  [warmup 2 iters, 4600 samples]  std min=1.475e-04 (dim 25) max=2.218e-01
  ! dim 25 std=1.475e-04 → normalising amplifies it 6782x; expect a gradient spike. A variance floor in helpers/obs.py would be the actual fix.

Iter    2:  Σrew=-55.620  grad=412.7  [phase1=1.5s bptt=2.8s elapsed=231s]
  heads (0/4 clipped)   trunk |g|=62 lim=1500 x1.00
          reach x1  |g|=     387 lim=  3000 x1.00       descend x1  |g|=     130 lim=  1500 x1.00  
          grasp x1  |g|=       0 lim=  1000 x1.00          turn x1  |g|=       0 lim=  1500 x1.00  
    dial_turn       rew= -55.620  ph=0  success=0/20 (0%) (partial) streak=0  | Reach=0%/0.5321  Descend=0%/0.6176  Grasp=0%/0.6176  Turn=0%/1.5844

Iter    5:  Σrew=-38.165  grad=278.2  [phase1=1.4s bptt=2.8s elapsed=288s]
  heads (0/4 clipped)   trunk |g|=37 lim=1500 x1.00
          reach x1  |g|=     269 lim=  3000 x1.00       descend x1  |g|=      59 lim=  1500 x1.00  
          grasp x1  |g|=       0 lim=  1000 x1.00          turn x1  |g|=       0 lim=  1500 x1.00  
    dial_turn       rew= -38.165  ph=0  success=0/20 (0%) (partial) streak=0  | Reach=0%/0.3840  Descend=0%/0.4560  Grasp=0%/0.4560  Turn=0%/1.5602

Iter   10:  Σrew=-24.859  grad=187.4  [phase1=1.4s bptt=2.7s elapsed=312s]
  heads (0/4 clipped)   trunk |g|=25 lim=1500 x1.00
          reach x1  |g|=     172 lim=  3000 x1.00       descend x1  |g|=      70 lim=  1500 x1.00  
          grasp x1  |g|=       0 lim=  1000 x1.00          turn x1  |g|=       0 lim=  1500 x1.00  
    dial_turn       rew= -24.859  ph=0  success=0/20 (0%) (partial) streak=0  | Reach=0%/0.3039  Descend=0%/0.3548  Grasp=0%/0.3548  Turn=0%/1.5674

Iter   15:  Σrew=-19.259  grad=263.4  [phase1=1.4s bptt=2.8s elapsed=336s]
  heads (0/4 clipped)   trunk |g|=30 lim=1500 x1.00
          reach x1  |g|=     247 lim=  3000 x1.00       descend x1  |g|=      85 lim=  1500 x1.00  
          grasp x1  |g|=       0 lim=  1000 x1.00          turn x1  |g|=       0 lim=  1500 x1.00  
    dial_turn       rew= -19.259  ph=0  success=0/20 (0%) (partial) streak=0  | Reach=0%/0.2238  Descend=0%/0.2595  Grasp=0%/0.2595  Turn=0%/1.5725

Iter   20:  Σrew=-6.889  grad=182.8  [phase1=1.4s bptt=2.7s elapsed=361s]
  heads (0/4 clipped)   trunk |g|=27 lim=1500 x1.00
          reach x1  |g|=     174 lim=  3000 x1.00       descend x1  |g|=      47 lim=  1500 x1.00  
          grasp x1  |g|=       0 lim=  1000 x1.00          turn x1  |g|=       0 lim=  1500 x1.00  
    dial_turn       rew=  -6.889  ph=0  success=0/20 (0%) (partial) streak=0  | Reach=5%/0.1193  Descend=5%/0.1078  Grasp=5%/0.1078  Turn=0%/1.6031

Iter   25:  Σrew=0.251  grad=600.0  [phase1=1.4s bptt=2.8s elapsed=387s]
  heads (0/4 clipped)   trunk |g|=66 lim=1500 x1.00
          reach x1  |g|=     589 lim=  3000 x1.00       descend x1  |g|=      91 lim=  1500 x1.00  
          grasp x1  |g|=       0 lim=  1000 x1.00          turn x1  |g|=       0 lim=  1500 x1.00  
    dial_turn       rew=   0.251  ph=0  success=0/20 (0%) (partial) streak=0  | Reach=0%/0.1367  Descend=10%/0.0741  Grasp=10%/0.0741  Turn=0%/1.8599

Iter   30:  Σrew=1.223  grad=333.2  [phase1=1.3s bptt=2.8s elapsed=411s]
  heads (0/4 clipped)   trunk |g|=52 lim=1500 x1.00
          reach x1  |g|=     273 lim=  3000 x1.00       descend x1  |g|=     184 lim=  1500 x1.00  
          grasp x1  |g|=       0 lim=  1000 x1.00          turn x1  |g|=       0 lim=  1500 x1.00  
    dial_turn       rew=   1.223  ph=0  success=0/20 (0%) (partial) streak=0  | Reach=0%/0.1315  Descend=15%/0.0656  Grasp=15%/0.0656  Turn=0%/1.6744

Iter   35:  Σrew=0.546  grad=541.8  [phase1=1.3s bptt=2.7s elapsed=435s]
  heads (0/4 clipped)   trunk |g|=95 lim=1500 x1.00
          reach x1  |g|=     516 lim=  3000 x1.00       descend x1  |g|=     135 lim=  1500 x1.00  
          grasp x1  |g|=       0 lim=  1000 x1.00          turn x1  |g|=       0 lim=  1500 x1.00  
    dial_turn       rew=   0.546  ph=0  success=0/20 (0%) (partial) streak=0  | Reach=10%/0.0509  Descend=10%/0.0583  Grasp=10%/0.0583  Turn=0%/1.5031

Iter   40:  Σrew=11.462  grad=946.1  [phase1=1.4s bptt=2.8s elapsed=459s]
  heads (0/4 clipped)   trunk |g|=144 lim=1500 x1.00
          reach x1  |g|=     892 lim=  3000 x1.00       descend x1  |g|=     281 lim=  1500 x1.00  
          grasp x1  |g|=       0 lim=  1000 x1.00          turn x1  |g|=       0 lim=  1500 x1.00  
    dial_turn       rew=  11.462  ph=0  success=0/20 (0%) (partial) streak=0  | Reach=40%/0.0376  Descend=30%/0.0431  Grasp=30%/0.0431  Turn=0%/1.6310

Iter   45:  Σrew=15.698  grad=684.9  [phase1=1.4s bptt=2.7s elapsed=484s]
  heads (0/4 clipped)   trunk |g|=97 lim=1500 x1.00
          reach x1  |g|=     621 lim=  3000 x1.00       descend x1  |g|=     271 lim=  1500 x1.00  
          grasp x1  |g|=       0 lim=  1000 x1.00          turn x1  |g|=       0 lim=  1500 x1.00  
    dial_turn       rew=  15.698  ph=0  success=0/20 (0%) (partial) streak=0  | Reach=45%/0.0372  Descend=15%/0.0428  Grasp=15%/0.0428  Turn=0%/1.9189

Iter   50:  Σrew=19.983  grad=631.5  [phase1=1.4s bptt=2.8s elapsed=510s]
  heads (0/4 clipped)   trunk |g|=99 lim=1500 x1.00
          reach x1  |g|=     597 lim=  3000 x1.00       descend x1  |g|=     180 lim=  1500 x1.00  
          grasp x1  |g|=       0 lim=  1000 x1.00          turn x1  |g|=       0 lim=  1500 x1.00  
    dial_turn       rew=  19.983  ph=0  success=0/20 (0%) (partial) streak=0  | Reach=45%/0.0313  Descend=55%/0.0266  Grasp=55%/0.0266  Turn=0%/1.7178
  ✓ saved dial_turn_{params,obs_rms,opt}.pkl + _{learning,gradients}.png at iter 50

Iter   55:  Σrew=17.747  grad=1835.9  [phase1=1.4s bptt=2.8s elapsed=536s]
  heads (0/4 clipped)   trunk |g|=292 lim=1500 x1.00
          reach x1  |g|=    1804 lim=  3000 x1.00       descend x1  |g|=     173 lim=  1500 x1.00  
          grasp x1  |g|=       0 lim=  1000 x1.00          turn x1  |g|=       0 lim=  1500 x1.00  
    dial_turn       rew=  17.747  ph=0  success=0/20 (0%) (partial) streak=0  | Reach=70%/0.0244  Descend=20%/0.0396  Grasp=20%/0.0396  Turn=0%/2.1376

Iter   60:  Σrew=19.571  grad=1499.6  [phase1=1.4s bptt=2.8s elapsed=560s]
  heads (0/4 clipped)   trunk |g|=291 lim=1500 x1.00
          reach x1  |g|=    1247 lim=  3000 x1.00       descend x1  |g|=     780 lim=  1500 x1.00  
          grasp x1  |g|=       0 lim=  1000 x1.00          turn x1  |g|=       0 lim=  1500 x1.00  
    dial_turn       rew=  19.571  ph=0  success=0/20 (0%) (partial) streak=0  | Reach=75%/0.0227  Descend=55%/0.0254  Grasp=55%/0.0254  Turn=0%/1.6281
    ──→ dial_turn: phase 1, active=65

Iter   65:  Σrew=36.891  grad=1090.1  [phase1=1.7s bptt=3.2s elapsed=588s]
  heads (0/4 clipped)   trunk |g|=203 lim=1500 x1.00
          reach x1  |g|=    1026 lim=  3000 x1.00       descend x1  |g|=     219 lim=  1500 x1.00  
          grasp x1  |g|=     216 lim=  1000 x1.00          turn x1  |g|=       0 lim=  1500 x1.00  
    dial_turn       rew=  36.891  ph=1  success=0/20 (0%) (partial) streak=0  | Reach=30%/0.0338  Descend=50%/0.0260  Grasp=70%/0.0262  Turn=0%/1.7738

Iter   70:  Σrew=28.319  grad=2446.9  [phase1=1.6s bptt=3.2s elapsed=617s]
  heads (0/4 clipped)   trunk |g|=429 lim=1500 x1.00
          reach x1  |g|=    2392 lim=  3000 x1.00       descend x1  |g|=     266 lim=  1500 x1.00  
          grasp x1  |g|=      97 lim=  1000 x1.00          turn x1  |g|=       0 lim=  1500 x1.00  
    dial_turn       rew=  28.319  ph=1  success=0/20 (0%) (partial) streak=0  | Reach=0%/0.0404  Descend=10%/0.0362  Grasp=45%/0.0322  Turn=0%/1.3489

Iter   75:  Σrew=39.198  grad=963.8  [phase1=1.7s bptt=3.2s elapsed=647s]
  heads (0/4 clipped)   trunk |g|=217 lim=1500 x1.00
          reach x1  |g|=     908 lim=  3000 x1.00         grasp x1  |g|=     185 lim=  1000 x1.00  
        descend x1  |g|=     150 lim=  1500 x1.00          turn x1  |g|=       0 lim=  1500 x1.00  
    dial_turn       rew=  39.198  ph=1  success=0/20 (0%) (partial) streak=0  | Reach=45%/0.0322  Descend=50%/0.0307  Grasp=60%/0.0300  Turn=0%/1.9144

Iter   80:  Σrew=36.797  grad=1107.9  [phase1=1.7s bptt=3.2s elapsed=676s]
  heads (0/4 clipped)   trunk |g|=217 lim=1500 x1.00
          reach x1  |g|=     936 lim=  3000 x1.00       descend x1  |g|=     530 lim=  1500 x1.00  
          grasp x1  |g|=     153 lim=  1000 x1.00          turn x1  |g|=       0 lim=  1500 x1.00  
    dial_turn       rew=  36.797  ph=1  success=0/20 (0%) (partial) streak=0  | Reach=55%/0.0281  Descend=25%/0.0324  Grasp=80%/0.0220  Turn=0%/1.6081

Iter   85:  Σrew=39.492  grad=1569.2  [phase1=1.7s bptt=3.2s elapsed=704s]
  heads (0/4 clipped)   trunk |g|=345 lim=1500 x1.00
          reach x1  |g|=    1447 lim=  3000 x1.00       descend x1  |g|=     482 lim=  1500 x1.00  
          grasp x1  |g|=     133 lim=  1000 x1.00          turn x1  |g|=       0 lim=  1500 x1.00  
    dial_turn       rew=  39.492  ph=1  success=0/20 (0%) (partial) streak=0  | Reach=90%/0.0151  Descend=65%/0.0257  Grasp=95%/0.0161  Turn=0%/1.6734

Iter   90:  Σrew=47.213  grad=1862.9  [phase1=1.7s bptt=3.2s elapsed=734s]
  heads (0/4 clipped)   trunk |g|=382 lim=1500 x1.00
          reach x1  |g|=    1804 lim=  3000 x1.00         grasp x1  |g|=     187 lim=  1000 x1.00  
        descend x1  |g|=     186 lim=  1500 x1.00          turn x1  |g|=       0 lim=  1500 x1.00  
    dial_turn       rew=  47.213  ph=1  success=0/20 (0%) (partial) streak=0  | Reach=100%/0.0136  Descend=95%/0.0246  Grasp=75%/0.0188  Turn=0%/1.7271
    ──→ dial_turn: phase 2, active=115

Iter   95:  Σrew=69.747  grad=2259.2  [phase1=2.8s bptt=5.5s elapsed=780s]
  heads (1/4 clipped)   trunk |g|=256 lim=1500 x1.00
           turn x1  |g|=    2098 lim=  1500 x0.71         reach x1  |g|=     685 lim=  3000 x1.00  
        descend x1  |g|=     347 lim=  1500 x1.00         grasp x1  |g|=     217 lim=  1000 x1.00  
    dial_turn       rew=  69.747  ph=2  success=0/20 (0%) streak=0  | Reach=60%/0.0264  Descend=95%/0.0183  Grasp=100%/0.0156  Turn=0%/1.3250

Iter  100:  Σrew=101.220  grad=3702.5  [phase1=2.8s bptt=5.5s elapsed=829s]
  heads (1/4 clipped)   trunk |g|=390 lim=1500 x1.00
           turn x1  |g|=    3642 lim=  1500 x0.41       descend x1  |g|=     419 lim=  1500 x1.00  
          reach x1  |g|=     309 lim=  3000 x1.00         grasp x1  |g|=     159 lim=  1000 x1.00  
    dial_turn       rew= 101.220  ph=2  success=1/20 (5%) streak=0  | Reach=80%/0.0246  Descend=100%/0.0147  Grasp=80%/0.0164  Turn=5%/0.6072
    ──→ dial_turn: phase 3, active=115
  ✓ saved dial_turn_{params,obs_rms,opt}.pkl + _{learning,gradients}.png at iter 100

Iter  105:  Σrew=101.958  grad=3388.1  [phase1=2.7s bptt=5.5s elapsed=880s]
  heads (1/4 clipped)   trunk |g|=411 lim=1500 x1.00
           turn x1  |g|=    2932 lim=  1500 x0.51         reach x1  |g|=    1595 lim=  3000 x1.00  
        descend x1  |g|=     375 lim=  1500 x1.00         grasp x1  |g|=     172 lim=  1000 x1.00  
    dial_turn       rew= 101.958  ph=3  success=12/20 (60%) streak=0  | Reach=95%/0.0158  Descend=100%/0.0159  Grasp=100%/0.0159  Turn=60%/0.3358

Iter  110:  Σrew=123.676  grad=5039.5  [phase1=2.8s bptt=5.5s elapsed=930s]
  heads (1/4 clipped)   trunk |g|=590 lim=1500 x1.00
           turn x1  |g|=    4456 lim=  1500 x0.34         reach x1  |g|=    2255 lim=  3000 x1.00  
        descend x1  |g|=     275 lim=  1500 x1.00         grasp x1  |g|=     186 lim=  1000 x1.00  
    dial_turn       rew= 123.676  ph=3  success=9/20 (45%) streak=0  | Reach=100%/0.0181  Descend=100%/0.0118  Grasp=100%/0.0138  Turn=45%/0.2859

Iter  115:  Σrew=128.243  grad=3000.7  [phase1=2.8s bptt=5.6s elapsed=978s]
  heads (1/4 clipped)   trunk |g|=386 lim=1500 x1.00
           turn x1  |g|=    2475 lim=  1500 x0.61         reach x1  |g|=    1613 lim=  3000 x1.00  
          grasp x1  |g|=     282 lim=  1000 x1.00       descend x1  |g|=     218 lim=  1500 x1.00  
    dial_turn       rew= 128.243  ph=3  success=0/20 (0%) streak=0  | Reach=100%/0.0118  Descend=100%/0.0117  Grasp=100%/0.0091  Turn=0%/0.7720

Iter  120:  Σrew=131.191  grad=2324.8  [phase1=2.7s bptt=5.6s elapsed=1029s]
  heads (1/4 clipped)   trunk |g|=277 lim=1500 x1.00
           turn x1  |g|=    2078 lim=  1500 x0.72         reach x1  |g|=     906 lim=  3000 x1.00  
        descend x1  |g|=     376 lim=  1500 x1.00         grasp x1  |g|=     223 lim=  1000 x1.00  
    dial_turn       rew= 131.191  ph=3  success=11/20 (55%) streak=0  | Reach=100%/0.0169  Descend=100%/0.0150  Grasp=85%/0.0154  Turn=55%/0.2870

Iter  125:  Σrew=93.763  grad=3329.0  [phase1=2.7s bptt=5.6s elapsed=1078s]
  heads (1/4 clipped)   trunk |g|=393 lim=1500 x1.00
           turn x1  |g|=    2926 lim=  1500 x0.51         reach x1  |g|=    1492 lim=  3000 x1.00  
        descend x1  |g|=     322 lim=  1500 x1.00         grasp x1  |g|=     197 lim=  1000 x1.00  
    dial_turn       rew=  93.763  ph=3  success=2/20 (10%) streak=0  | Reach=100%/0.0126  Descend=80%/0.0184  Grasp=90%/0.0214  Turn=10%/0.6111

Iter  130:  Σrew=131.620  grad=3818.8  [phase1=2.7s bptt=5.6s elapsed=1127s]
  heads (1/4 clipped)   trunk |g|=301 lim=1500 x1.00
           turn x1  |g|=    3730 lim=  1500 x0.40         reach x1  |g|=     614 lim=  3000 x1.00  
        descend x1  |g|=     424 lim=  1500 x1.00         grasp x1  |g|=     162 lim=  1000 x1.00  
    dial_turn       rew= 131.620  ph=3  success=4/20 (20%) streak=0  | Reach=100%/0.0137  Descend=100%/0.0128  Grasp=100%/0.0139  Turn=20%/0.6801

Iter  135:  Σrew=128.303  grad=3676.2  [phase1=4.5s bptt=5.6s elapsed=1177s]
  heads (1/4 clipped)   trunk |g|=375 lim=1500 x1.00
           turn x1  |g|=    3464 lim=  1500 x0.43         reach x1  |g|=    1074 lim=  3000 x1.00  
        descend x1  |g|=     462 lim=  1500 x1.00         grasp x1  |g|=      83 lim=  1000 x1.00  
    dial_turn       rew= 128.303  ph=3  success=10/20 (50%) streak=0  | Reach=100%/0.0177  Descend=60%/0.0268  Grasp=70%/0.0234  Turn=50%/0.2808

Iter  140:  Σrew=135.597  grad=1206.9  [phase1=2.7s bptt=5.5s elapsed=1226s]
  heads (0/4 clipped)   trunk |g|=289 lim=1500 x1.00
          reach x1  |g|=     994 lim=  3000 x1.00          turn x1  |g|=     470 lim=  1500 x1.00  
        descend x1  |g|=     344 lim=  1500 x1.00         grasp x1  |g|=     211 lim=  1000 x1.00  
    dial_turn       rew= 135.597  ph=3  success=7/20 (35%) streak=0  | Reach=100%/0.0099  Descend=95%/0.0139  Grasp=95%/0.0142  Turn=35%/0.4927

Iter  145:  Σrew=137.795  grad=1221.5  [phase1=2.9s bptt=5.5s elapsed=1275s]
  heads (0/4 clipped)   trunk |g|=189 lim=1500 x1.00
           turn x1  |g|=     982 lim=  1500 x1.00         reach x1  |g|=     642 lim=  3000 x1.00  
        descend x1  |g|=     268 lim=  1500 x1.00         grasp x1  |g|=      96 lim=  1000 x1.00  
    dial_turn       rew= 137.795  ph=3  success=9/20 (45%) streak=0  | Reach=100%/0.0094  Descend=100%/0.0101  Grasp=100%/0.0128  Turn=45%/0.2465

Iter  150:  Σrew=143.535  grad=1610.6  [phase1=2.8s bptt=5.5s elapsed=1324s]
  heads (0/4 clipped)   trunk |g|=196 lim=1500 x1.00
           turn x1  |g|=    1489 lim=  1500 x1.00         reach x1  |g|=     522 lim=  3000 x1.00  
        descend x1  |g|=     232 lim=  1500 x1.00         grasp x1  |g|=     104 lim=  1000 x1.00  
    dial_turn       rew= 143.535  ph=3  success=4/20 (20%) streak=0  | Reach=100%/0.0137  Descend=100%/0.0114  Grasp=100%/0.0095  Turn=20%/0.3334
  ✓ saved dial_turn_{params,obs_rms,opt}.pkl + _{learning,gradients}.png at iter 150

Iter  155:  Σrew=137.668  grad=5202.0  [phase1=2.9s bptt=5.5s elapsed=1376s]
  heads (1/4 clipped)   trunk |g|=478 lim=1500 x1.00
           turn x1  |g|=    4851 lim=  1500 x0.31         reach x1  |g|=    1801 lim=  3000 x1.00  
        descend x1  |g|=     208 lim=  1500 x1.00         grasp x1  |g|=     142 lim=  1000 x1.00  
    dial_turn       rew= 137.668  ph=3  success=10/20 (50%) streak=0  | Reach=100%/0.0081  Descend=100%/0.0096  Grasp=100%/0.0116  Turn=50%/0.3522

Iter  160:  Σrew=149.590  grad=1638.9  [phase1=2.8s bptt=5.5s elapsed=1425s]
  heads (0/4 clipped)   trunk |g|=351 lim=1500 x1.00
          reach x1  |g|=    1470 lim=  3000 x1.00          turn x1  |g|=     581 lim=  1500 x1.00  
        descend x1  |g|=     212 lim=  1500 x1.00         grasp x1  |g|=     136 lim=  1000 x1.00  
    dial_turn       rew= 149.590  ph=3  success=10/20 (50%) streak=0  | Reach=100%/0.0103  Descend=100%/0.0110  Grasp=100%/0.0080  Turn=50%/0.2661

Iter  165:  Σrew=147.690  grad=1610.6  [phase1=2.9s bptt=5.5s elapsed=1475s]
  heads (1/4 clipped)   trunk |g|=164 lim=1500 x1.00
           turn x1  |g|=    1537 lim=  1500 x0.98         reach x1  |g|=     413 lim=  3000 x1.00  
        descend x1  |g|=     138 lim=  1500 x1.00         grasp x1  |g|=     126 lim=  1000 x1.00  
    dial_turn       rew= 147.690  ph=3  success=7/20 (35%) streak=0  | Reach=100%/0.0127  Descend=100%/0.0087  Grasp=100%/0.0090  Turn=35%/0.2719

Iter  170:  Σrew=147.487  grad=5157.6  [phase1=3.0s bptt=5.5s elapsed=1527s]
  heads (1/4 clipped)   trunk |g|=333 lim=1500 x1.00
           turn x1  |g|=    5065 lim=  1500 x0.30         reach x1  |g|=     816 lim=  3000 x1.00  
        descend x1  |g|=     407 lim=  1500 x1.00         grasp x1  |g|=      88 lim=  1000 x1.00  
    dial_turn       rew= 147.487  ph=3  success=19/20 (95%) streak=1  | Reach=100%/0.0093  Descend=100%/0.0084  Grasp=100%/0.0072  Turn=95%/0.0942

Iter  175:  Σrew=149.861  grad=2329.8  [phase1=3.0s bptt=5.5s elapsed=1576s]
  heads (1/4 clipped)   trunk |g|=326 lim=1500 x1.00
           turn x1  |g|=    2013 lim=  1500 x0.75         reach x1  |g|=    1098 lim=  3000 x1.00  
        descend x1  |g|=     219 lim=  1500 x1.00         grasp x1  |g|=     130 lim=  1000 x1.00  
    dial_turn       rew= 149.861  ph=3  success=4/20 (20%) streak=0  | Reach=100%/0.0071  Descend=100%/0.0076  Grasp=100%/0.0052  Turn=20%/0.3039

Iter  180:  Σrew=152.530  grad=1941.4  [phase1=3.0s bptt=5.5s elapsed=1626s]
  heads (1/4 clipped)   trunk |g|=209 lim=1500 x1.00
           turn x1  |g|=    1812 lim=  1500 x0.83         reach x1  |g|=     646 lim=  3000 x1.00  
          grasp x1  |g|=     119 lim=  1000 x1.00       descend x1  |g|=     104 lim=  1500 x1.00  
    dial_turn       rew= 152.530  ph=3  success=4/20 (20%) streak=0  | Reach=100%/0.0131  Descend=100%/0.0071  Grasp=100%/0.0097  Turn=20%/0.3162

Iter  185:  Σrew=160.846  grad=1754.2  [phase1=3.0s bptt=5.5s elapsed=1676s]
  heads (0/4 clipped)   trunk |g|=294 lim=1500 x1.00
          reach x1  |g|=    1253 lim=  3000 x1.00          turn x1  |g|=    1165 lim=  1500 x1.00  
        descend x1  |g|=     192 lim=  1500 x1.00         grasp x1  |g|=     161 lim=  1000 x1.00  
    dial_turn       rew= 160.846  ph=3  success=16/20 (80%) streak=1  | Reach=100%/0.0096  Descend=100%/0.0051  Grasp=100%/0.0064  Turn=80%/0.1123

Iter  190:  Σrew=163.305  grad=2002.7  [phase1=5.6s bptt=5.6s elapsed=1728s]
  heads (0/4 clipped)   trunk |g|=411 lim=1500 x1.00
          reach x1  |g|=    1681 lim=  3000 x1.00          turn x1  |g|=     956 lim=  1500 x1.00  
        descend x1  |g|=     304 lim=  1500 x1.00         grasp x1  |g|=      98 lim=  1000 x1.00  
    dial_turn       rew= 163.305  ph=3  success=4/20 (20%) streak=0  | Reach=100%/0.0171  Descend=100%/0.0125  Grasp=100%/0.0099  Turn=20%/0.3841

Iter  195:  Σrew=162.193  grad=2517.0  [phase1=2.9s bptt=5.5s elapsed=1778s]
  heads (1/4 clipped)   trunk |g|=362 lim=1500 x1.00
           turn x1  |g|=    2085 lim=  1500 x0.72         reach x1  |g|=    1322 lim=  3000 x1.00  
        descend x1  |g|=     305 lim=  1500 x1.00         grasp x1  |g|=     129 lim=  1000 x1.00  
    dial_turn       rew= 162.193  ph=3  success=16/20 (80%) streak=1  | Reach=100%/0.0085  Descend=100%/0.0102  Grasp=100%/0.0101  Turn=80%/0.1862

Iter  200:  Σrew=161.572  grad=2482.4  [phase1=3.1s bptt=5.5s elapsed=1828s]
  heads (1/4 clipped)   trunk |g|=414 lim=1500 x1.00
           turn x1  |g|=    2057 lim=  1500 x0.73         reach x1  |g|=    1298 lim=  3000 x1.00  
        descend x1  |g|=     245 lim=  1500 x1.00         grasp x1  |g|=     116 lim=  1000 x1.00  
    dial_turn       rew= 161.572  ph=3  success=18/20 (90%) streak=2  | Reach=100%/0.0084  Descend=100%/0.0061  Grasp=100%/0.0054  Turn=90%/0.1070
  ✓ saved dial_turn_{params,obs_rms,opt}.pkl + _{learning,gradients}.png at iter 200

Iter  205:  Σrew=169.338  grad=1289.8  [phase1=3.1s bptt=5.6s elapsed=1881s]
  heads (0/4 clipped)   trunk |g|=144 lim=1500 x1.00
           turn x1  |g|=    1201 lim=  1500 x1.00         reach x1  |g|=     405 lim=  3000 x1.00  
          grasp x1  |g|=     138 lim=  1000 x1.00       descend x1  |g|=     127 lim=  1500 x1.00  
    dial_turn       rew= 169.338  ph=3  success=11/20 (55%) streak=0  | Reach=100%/0.0078  Descend=100%/0.0074  Grasp=100%/0.0065  Turn=55%/0.1846

Iter  210:  Σrew=165.932  grad=2547.4  [phase1=3.0s bptt=5.6s elapsed=1931s]
  heads (1/4 clipped)   trunk |g|=441 lim=1500 x1.00
           turn x1  |g|=    2051 lim=  1500 x0.73         reach x1  |g|=    1369 lim=  3000 x1.00  
        descend x1  |g|=     432 lim=  1500 x1.00         grasp x1  |g|=     174 lim=  1000 x1.00  
    dial_turn       rew= 165.932  ph=3  success=19/20 (95%) streak=1  | Reach=100%/0.0099  Descend=100%/0.0099  Grasp=100%/0.0087  Turn=95%/0.0808

Iter  215:  Σrew=158.226  grad=5272.3  [phase1=3.0s bptt=5.6s elapsed=1980s]
  heads (1/4 clipped)   trunk |g|=372 lim=1500 x1.00
           turn x1  |g|=    5161 lim=  1500 x0.29         reach x1  |g|=     947 lim=  3000 x1.00  
        descend x1  |g|=     328 lim=  1500 x1.00         grasp x1  |g|=     147 lim=  1000 x1.00  
    dial_turn       rew= 158.226  ph=3  success=8/20 (40%) streak=0  | Reach=100%/0.0153  Descend=100%/0.0110  Grasp=100%/0.0108  Turn=40%/0.3935

Iter  220:  Σrew=161.657  grad=2593.2  [phase1=2.9s bptt=5.6s elapsed=2033s]
  heads (0/4 clipped)   trunk |g|=530 lim=1500 x1.00
          reach x1  |g|=    2259 lim=  3000 x1.00          turn x1  |g|=    1102 lim=  1500 x1.00  
        descend x1  |g|=     338 lim=  1500 x1.00         grasp x1  |g|=      93 lim=  1000 x1.00  
    dial_turn       rew= 161.657  ph=3  success=11/20 (55%) streak=0  | Reach=100%/0.0066  Descend=100%/0.0099  Grasp=100%/0.0073  Turn=55%/0.2752

Iter  225:  Σrew=165.602  grad=2134.0  [phase1=3.0s bptt=5.6s elapsed=2083s]
  heads (0/4 clipped)   trunk |g|=473 lim=1500 x1.00
          reach x1  |g|=    1516 lim=  3000 x1.00          turn x1  |g|=    1332 lim=  1500 x1.00  
        descend x1  |g|=     482 lim=  1500 x1.00         grasp x1  |g|=     157 lim=  1000 x1.00  
    dial_turn       rew= 165.602  ph=3  success=12/20 (60%) streak=0  | Reach=100%/0.0103  Descend=100%/0.0189  Grasp=100%/0.0183  Turn=60%/0.1610

Iter  230:  Σrew=169.431  grad=5475.4  [phase1=2.9s bptt=5.6s elapsed=2133s]
  heads (1/4 clipped)   trunk |g|=358 lim=1500 x1.00
           turn x1  |g|=    5383 lim=  1500 x0.28         reach x1  |g|=     824 lim=  3000 x1.00  
        descend x1  |g|=     417 lim=  1500 x1.00         grasp x1  |g|=     160 lim=  1000 x1.00  
    dial_turn       rew= 169.431  ph=3  success=17/20 (85%) streak=1  | Reach=100%/0.0135  Descend=100%/0.0084  Grasp=100%/0.0072  Turn=85%/0.1420

Iter  235:  Σrew=170.168  grad=4049.8  [phase1=2.9s bptt=5.6s elapsed=2182s]
  heads (1/4 clipped)   trunk |g|=433 lim=1500 x1.00
           turn x1  |g|=    3873 lim=  1500 x0.39         reach x1  |g|=    1042 lim=  3000 x1.00  
        descend x1  |g|=     332 lim=  1500 x1.00         grasp x1  |g|=     144 lim=  1000 x1.00  
    dial_turn       rew= 170.168  ph=3  success=7/20 (35%) streak=0  | Reach=100%/0.0078  Descend=100%/0.0050  Grasp=100%/0.0037  Turn=35%/0.2325

Iter  240:  Σrew=177.404  grad=2591.2  [phase1=2.7s bptt=5.6s elapsed=2232s]
  heads (1/4 clipped)   trunk |g|=190 lim=1500 x1.00
           turn x1  |g|=    2554 lim=  1500 x0.59       descend x1  |g|=     309 lim=  1500 x1.00  
          reach x1  |g|=     235 lim=  3000 x1.00         grasp x1  |g|=      68 lim=  1000 x1.00  
    dial_turn       rew= 177.404  ph=3  success=20/20 (100%) streak=1  | Reach=100%/0.0059  Descend=100%/0.0057  Grasp=100%/0.0041  Turn=100%/0.0633

Iter  245:  Σrew=164.660  grad=2718.3  [phase1=2.7s bptt=5.6s elapsed=2281s]
  heads (1/4 clipped)   trunk |g|=342 lim=1500 x1.00
           turn x1  |g|=    2595 lim=  1500 x0.58         reach x1  |g|=     689 lim=  3000 x1.00  
        descend x1  |g|=     194 lim=  1500 x1.00         grasp x1  |g|=     168 lim=  1000 x1.00  
    dial_turn       rew= 164.660  ph=3  success=20/20 (100%) streak=2  | Reach=100%/0.0087  Descend=100%/0.0037  Grasp=100%/0.0030  Turn=100%/0.0558

Iter  250:  Σrew=173.984  grad=2080.8  [phase1=2.8s bptt=5.5s elapsed=2330s]
  heads (1/4 clipped)   trunk |g|=335 lim=1500 x1.00
           turn x1  |g|=    1849 lim=  1500 x0.81         reach x1  |g|=     799 lim=  3000 x1.00  
        descend x1  |g|=     378 lim=  1500 x1.00         grasp x1  |g|=     141 lim=  1000 x1.00  
    dial_turn       rew= 173.984  ph=3  success=17/20 (85%) streak=3  | Reach=100%/0.0064  Descend=100%/0.0058  Grasp=100%/0.0032  Turn=85%/0.1298
  ✓ saved dial_turn_{params,obs_rms,opt}.pkl + _{learning,gradients}.png at iter 250

Iter  255:  Σrew=165.762  grad=3457.5  [phase1=2.8s bptt=5.6s elapsed=2381s]
  heads (1/4 clipped)   trunk |g|=332 lim=1500 x1.00
           turn x1  |g|=    3279 lim=  1500 x0.46         reach x1  |g|=     967 lim=  3000 x1.00  
        descend x1  |g|=     376 lim=  1500 x1.00         grasp x1  |g|=     120 lim=  1000 x1.00  
    dial_turn       rew= 165.762  ph=3  success=15/20 (75%) streak=0  | Reach=100%/0.0064  Descend=100%/0.0055  Grasp=100%/0.0051  Turn=75%/0.1342

Iter  260:  Σrew=173.938  grad=1477.2  [phase1=2.7s bptt=5.5s elapsed=2430s]
  heads (0/4 clipped)   trunk |g|=411 lim=1500 x1.00
          reach x1  |g|=    1014 lim=  3000 x1.00          turn x1  |g|=     950 lim=  1500 x1.00  
        descend x1  |g|=     253 lim=  1500 x1.00         grasp x1  |g|=     131 lim=  1000 x1.00  
    dial_turn       rew= 173.938  ph=3  success=18/20 (90%) streak=1  | Reach=100%/0.0102  Descend=100%/0.0061  Grasp=100%/0.0047  Turn=90%/0.0804

Iter  265:  Σrew=176.351  grad=2337.7  [phase1=2.9s bptt=5.5s elapsed=2478s]
  heads (1/4 clipped)   trunk |g|=385 lim=1500 x1.00
           turn x1  |g|=    1860 lim=  1500 x0.81         reach x1  |g|=    1323 lim=  3000 x1.00  
        descend x1  |g|=     303 lim=  1500 x1.00         grasp x1  |g|=     124 lim=  1000 x1.00  
    dial_turn       rew= 176.351  ph=3  success=17/20 (85%) streak=2  | Reach=100%/0.0088  Descend=100%/0.0052  Grasp=100%/0.0042  Turn=85%/0.1143

Iter  270:  Σrew=180.144  grad=1987.2  [phase1=4.5s bptt=5.5s elapsed=2529s]
  heads (0/4 clipped)   trunk |g|=372 lim=1500 x1.00
           turn x1  |g|=    1415 lim=  1500 x1.00         reach x1  |g|=    1325 lim=  3000 x1.00  
        descend x1  |g|=     177 lim=  1500 x1.00         grasp x1  |g|=     148 lim=  1000 x1.00  
    dial_turn       rew= 180.144  ph=3  success=19/20 (95%) streak=3  | Reach=100%/0.0070  Descend=100%/0.0051  Grasp=100%/0.0042  Turn=95%/0.0670

Iter  275:  Σrew=173.785  grad=4396.3  [phase1=2.8s bptt=5.5s elapsed=2578s]
  heads (1/4 clipped)   trunk |g|=510 lim=1500 x1.00
           turn x1  |g|=    4089 lim=  1500 x0.37         reach x1  |g|=    1478 lim=  3000 x1.00  
        descend x1  |g|=     379 lim=  1500 x1.00         grasp x1  |g|=     135 lim=  1000 x1.00  
  ✓ dial_turn       rew= 173.785  ph=3  success=20/20 (100%) streak=4  | Reach=100%/0.0095  Descend=100%/0.0079  Grasp=100%/0.0072  Turn=100%/0.0522

✓ All 1 tasks solved (4 consecutive ≥80%) at iter 275.

Training stopped: all tasks solved after 275 iters, 2585.1s this run
  ✓ saved dial_turn_{params,obs_rms,opt}.pkl + _{learning,gradients}.png at iter 275 (final)
