
######################################################################
# run started 2026-09-17 14:26:12
# train_primitives_vison.py --tasks pick_and_place --out-prefix pick_and_place
######################################################################
======================================================================
JOINT VISION-PRIMITIVE TRAINING — robosuite
  Tasks: pick_and_place
  Batch: {'pick_and_place': 20}
  Proprio dim: 31 (shared trunk)
  Viewer: on
  Saving to pick_and_place_*  every 50 iters
======================================================================

[1] DINOv3 backbone (shared)...
  DINOv3: 64x64 → 4x4 patches, dim=768

[2] Shared primitive policy...

  Primitive Policy:
    Projection: 768 → 128 (1 camera) → spatial softmax → 256
    Trunk: 287 → 256 → 256 (shared)
    Heads (14), 2 hidden layer(s), width by usage:
      reach          256 → 224 → 224 → 8    109,768 params
      descend        256 → 112 → 112 → 8     42,344 params
      grasp          256 → 192 → 192 → 8     87,944 params
      move           256 → 96 → 96 → 8     34,760 params
      release        256 → 80 → 80 → 8     27,688 params
      align          256 → 32 → 32 → 8      9,544 params
      insert         256 → 32 → 32 → 8      9,544 params
      pull_drawer    256 → 32 → 32 → 8      9,544 params
      push_drawer    256 → 32 → 32 → 8      9,544 params
      push_object    256 → 32 → 32 → 8      9,544 params
      slide_open     256 → 32 → 32 → 8      9,544 params
      slide_close    256 → 32 → 32 → 8      9,544 params
      turn           256 → 32 → 32 → 8      9,544 params
      swing          256 → 32 → 32 → 8      9,544 params
    Shared: 239,038   Heads: 388,400   Total trainable: 627,438

[3] Building task 'pick_and_place' (pick_place env) ...

[1] Loading MuJoCo model: /home/emre/newton_diff_RL/MJX_Franka_DiffSim/assets/robosuite_pick_place_push.xml
  ee_site: 3
  hand_body: 13
  cube1: 25
  mocap_idx: 2
  left_finger: 16
  right_finger: 18
  nq=16, nu=9, nsite=10
  Steps: 90, Chunks: 18, Chunk size: 5
  Feature slots: 19, frame_dt: 0.0400s

[2] Creating MJWarp GPU renderer...
Warp 1.16.0 initialized:
   CUDA Toolkit 12.9, Driver 13.0
   Devices:
     "cpu"      : "x86_64"
     "cuda:0"   : "NVIDIA GeForce RTX 5060 Laptop GPU" (8 GiB, sm_120, mempool enabled)
   Kernel cache:
     /home/emre/.cache/warp/1.16.0
Module mujoco.mjx.third_party.mujoco_warp._src.render_util 97c6606 load on device 'cuda:0' took 0.55 ms  (cached)
Module mujoco.mjx.third_party.mujoco_warp._src.io 89aaeca load on device 'cuda:0' took 3.11 ms  (cached)
Module mujoco.mjx.third_party.mujoco_warp._src.bvh f2c5137 load on device 'cuda:0' took 0.67 ms  (cached)
  Camera: robot0_eye_in_hand → cam_id: 5
  Render context: nworld=20, 64x64
Module mujoco.mjx.warp.ffi 7a22eb4 load on device 'cuda:0' took 0.48 ms  (cached)
Module mujoco.mjx.third_party.mujoco_warp._src.smooth 47158eb load on device 'cuda:0' took 3.89 ms  (cached)
Module _nxn_broadphase__locals__kernel_3e896ca5 3e896ca load on device 'cuda:0' took 0.51 ms  (cached)
Module ccd_kernel_builder__locals__ccd_kernel_ef3754c3 ef3754c load on device 'cuda:0' took 1.60 ms  (cached)
Module ccd_kernel_builder__locals__ccd_kernel_ef3754c3 231e976 load on device 'cuda:0' took 1.53 ms  (cached)
Module _primitive_narrowphase__locals__primitive_narrowphase_caf42918 caf4291 load on device 'cuda:0' took 0.65 ms  (cached)
Module mujoco.mjx.third_party.mujoco_warp._src.constraint 36c8060 load on device 'cuda:0' took 0.37 ms  (cached)
Module _friction_dof__locals__kernel_a6ed3529 a6ed352 load on device 'cuda:0' took 0.56 ms  (cached)
Module _limit_slide_hinge__locals__kernel_56cb53b3 56cb53b load on device 'cuda:0' took 0.55 ms  (cached)
Module _efc_contact_init__locals__kernel_0bd15084 0bd1508 load on device 'cuda:0' took 0.50 ms  (cached)
Module _efc_contact_jac_dense__locals__kernel_f15eda8d 1ff2125 load on device 'cuda:0' took 0.50 ms  (cached)
Module _efc_contact_update__locals__kernel_8c34abe6 8c34abe load on device 'cuda:0' took 0.51 ms  (cached)
Module mujoco.mjx.third_party.mujoco_warp._src.forward 81c85c8 load on device 'cuda:0' took 1.03 ms  (cached)
Module mujoco.mjx.third_party.mujoco_warp._src.passive efc109c load on device 'cuda:0' took 0.98 ms  (cached)
Module mujoco.mjx.third_party.mujoco_warp._src.forward fc5c4e4 load on device 'cuda:0' took 1.01 ms  (cached)
Module _qfrc_smooth__locals__kernel_b98573a2 b98573a load on device 'cuda:0' took 0.36 ms  (cached)
Module mujoco.mjx.third_party.mujoco_warp._src.support ca784c5 load on device 'cuda:0' took 0.44 ms  (cached)
Module _tile_cholesky_factorize_solve_block__locals__kernel_8d2c83d3 bb4c15e load on device 'cuda:0' took 23.94 ms  (cached)
Module mujoco.mjx.third_party.mujoco_warp._src.solver 4a1f2fb load on device 'cuda:0' took 1.50 ms  (cached)
Module _solve_init_jaref_kernel__locals__kernel_dff68271 dff6827 load on device 'cuda:0' took 14.32 ms  (cached)
Module mul_m_kernel__locals___mul_m_dc7994af dc7994a load on device 'cuda:0' took 0.42 ms  (cached)
Module _update_constraint_efc__locals__kernel_34351367 3435136 load on device 'cuda:0' took 0.46 ms  (cached)
Module _update_constraint_init_qfrc_constraint_dense__locals__kernel_626172ab 626172a load on device 'cuda:0' took 0.37 ms  (cached)
Module _update_gradient_zero_grad_dot__locals__kernel_d22ec30a d22ec30 load on device 'cuda:0' took 0.35 ms  (cached)
Module _update_gradient_grad__locals__kernel_30531d0a 30531d0 load on device 'cuda:0' took 0.36 ms  (cached)
Module _update_gradient_JTDAJ_dense_tiled__locals__kernel_756199cb d3e7a83 load on device 'cuda:0' took 1.87 ms  (cached)
Module _update_gradient_cholesky__locals__kernel_345434dd ff9982d load on device 'cuda:0' took 32.36 ms  (cached)
Module _linesearch_iterative_kernel__locals__kernel_fd8c9e1b c7b3998 load on device 'cuda:0' took 0.58 ms  (cached)
Module _update_constraint_efc__locals__kernel_8791d97d 8791d97 load on device 'cuda:0' took 0.49 ms  (cached)
Module _update_constraint_init_qfrc_constraint_dense__locals__kernel_e7e36618 e7e3661 load on device 'cuda:0' took 0.54 ms  (cached)
Module _update_gradient_zero_grad_dot__locals__kernel_e3354673 e335467 load on device 'cuda:0' took 0.37 ms  (cached)
Module _update_gradient_grad__locals__kernel_f92b7b33 f92b7b3 load on device 'cuda:0' took 0.41 ms  (cached)
Module _update_gradient_cholesky__locals__kernel_c56f6d92 34f3426 load on device 'cuda:0' took 33.64 ms  (cached)
Module _solve_zero_search_dot__locals__kernel_a3b7406e a3b7406 load on device 'cuda:0' took 0.45 ms  (cached)
Module _solve_search_update__locals__kernel_f542f3c2 f542f3c load on device 'cuda:0' took 0.37 ms  (cached)
Module mujoco.mjx.third_party.mujoco_warp._src.sensor de892d8 load on device 'cuda:0' took 1.78 ms  (cached)
    segments [25, 20, 10, 35] → primitives ['reach', 'descend', 'grasp', 'move']

  Task minibatching: off (one update per iteration).

  Active primitives: reach, descend, grasp, move
  Head LR: 2.0e-04
✓ Viewer opened — close it to stop training (a checkpoint is written first)

======================================================================
Training — stop when all 1 tasks hold ≥80% success for 4 consecutive logs
======================================================================
Module render__locals___render_megakernel_b55cbe04 a6579b0 load on device 'cuda:0' took 4.13 ms  (cached)
  [warmup 2 iters, 3600 samples]  std min=1.667e-04 (dim 25) max=2.195e-01
  ! dim 25 std=1.667e-04 → normalising amplifies it 6000x; expect a gradient spike. A variance floor in helpers/obs.py would be the actual fix.

Iter    2:  Σrew=-48.476  grad=217.4  [phase1=1.3s bptt=2.4s elapsed=244s]
  heads (0/4 clipped)   trunk |g|=30 lim=1500 x1.00
          reach x1  |g|=     182 lim=  3000 x1.00       descend x1  |g|=     116 lim=  1500 x1.00  
          grasp x1  |g|=       0 lim=  1000 x1.00          move x1  |g|=       0 lim=  1000 x1.00  
    pick_and_place  rew= -48.476  ph=0  success=0/20 (0%) streak=0  | Reach=0%/0.5625  Descend=0%/0.6325  Grasp=0%/0.6325  Move=0%/0.1595

Iter    5:  Σrew=-36.736  grad=162.8  [phase1=1.2s bptt=2.4s elapsed=302s]
  heads (0/4 clipped)   trunk |g|=22 lim=1500 x1.00
          reach x1  |g|=     146 lim=  3000 x1.00       descend x1  |g|=      69 lim=  1500 x1.00  
          grasp x1  |g|=       0 lim=  1000 x1.00          move x1  |g|=       0 lim=  1000 x1.00  
    pick_and_place  rew= -36.736  ph=0  success=0/20 (0%) streak=0  | Reach=0%/0.4337  Descend=0%/0.5000  Grasp=0%/0.5000  Move=0%/0.1594

Iter   10:  Σrew=-25.865  grad=171.0  [phase1=1.2s bptt=2.4s elapsed=323s]
  heads (0/4 clipped)   trunk |g|=22 lim=1500 x1.00
          reach x1  |g|=     129 lim=  3000 x1.00       descend x1  |g|=     110 lim=  1500 x1.00  
          grasp x1  |g|=       0 lim=  1000 x1.00          move x1  |g|=       0 lim=  1000 x1.00  
    pick_and_place  rew= -25.865  ph=0  success=0/20 (0%) streak=0  | Reach=0%/0.3395  Descend=0%/0.3918  Grasp=0%/0.3918  Move=0%/0.1516

Iter   15:  Σrew=-17.406  grad=149.7  [phase1=1.1s bptt=2.4s elapsed=344s]
  heads (0/4 clipped)   trunk |g|=18 lim=1500 x1.00
        descend x1  |g|=     108 lim=  1500 x1.00         reach x1  |g|=     102 lim=  3000 x1.00  
          grasp x1  |g|=       0 lim=  1000 x1.00          move x1  |g|=       0 lim=  1000 x1.00  
    pick_and_place  rew= -17.406  ph=0  success=0/20 (0%) streak=0  | Reach=0%/0.2417  Descend=0%/0.2301  Grasp=0%/0.2301  Move=0%/0.1520

Iter   20:  Σrew=-9.610  grad=173.2  [phase1=1.2s bptt=2.4s elapsed=365s]
  heads (0/4 clipped)   trunk |g|=21 lim=1500 x1.00
          reach x1  |g|=     133 lim=  3000 x1.00       descend x1  |g|=     109 lim=  1500 x1.00  
          grasp x1  |g|=       0 lim=  1000 x1.00          move x1  |g|=       0 lim=  1000 x1.00  
    pick_and_place  rew=  -9.610  ph=0  success=0/20 (0%) streak=0  | Reach=0%/0.1424  Descend=5%/0.1533  Grasp=5%/0.1533  Move=0%/0.1420

Iter   25:  Σrew=-2.650  grad=222.3  [phase1=1.2s bptt=2.4s elapsed=386s]
  heads (0/4 clipped)   trunk |g|=33 lim=1500 x1.00
          reach x1  |g|=     169 lim=  3000 x1.00       descend x1  |g|=     141 lim=  1500 x1.00  
          grasp x1  |g|=       0 lim=  1000 x1.00          move x1  |g|=       0 lim=  1000 x1.00  
    pick_and_place  rew=  -2.650  ph=0  success=1/20 (5%) streak=0  | Reach=0%/0.1184  Descend=15%/0.0844  Grasp=15%/0.0844  Move=5%/0.1492

Iter   30:  Σrew=-0.156  grad=133.3  [phase1=3.0s bptt=2.4s elapsed=409s]
  heads (0/4 clipped)   trunk |g|=21 lim=1500 x1.00
          reach x1  |g|=     114 lim=  3000 x1.00       descend x1  |g|=      67 lim=  1500 x1.00  
          grasp x1  |g|=       0 lim=  1000 x1.00          move x1  |g|=       0 lim=  1000 x1.00  
    pick_and_place  rew=  -0.156  ph=0  success=0/20 (0%) streak=0  | Reach=0%/0.1187  Descend=20%/0.0553  Grasp=20%/0.0553  Move=0%/0.1508

Iter   35:  Σrew=-1.908  grad=152.7  [phase1=1.2s bptt=2.4s elapsed=430s]
  heads (0/4 clipped)   trunk |g|=21 lim=1500 x1.00
          reach x1  |g|=     126 lim=  3000 x1.00       descend x1  |g|=      84 lim=  1500 x1.00  
          grasp x1  |g|=       0 lim=  1000 x1.00          move x1  |g|=       0 lim=  1000 x1.00  
    pick_and_place  rew=  -1.908  ph=0  success=0/20 (0%) streak=0  | Reach=5%/0.0965  Descend=20%/0.0670  Grasp=20%/0.0670  Move=0%/0.1626

Iter   40:  Σrew=3.250  grad=380.9  [phase1=1.1s bptt=2.4s elapsed=451s]
  heads (0/4 clipped)   trunk |g|=54 lim=1500 x1.00
          reach x1  |g|=     327 lim=  3000 x1.00       descend x1  |g|=     188 lim=  1500 x1.00  
          grasp x1  |g|=       0 lim=  1000 x1.00          move x1  |g|=       0 lim=  1000 x1.00  
    pick_and_place  rew=   3.250  ph=0  success=0/20 (0%) streak=0  | Reach=30%/0.0602  Descend=55%/0.0468  Grasp=55%/0.0468  Move=0%/0.1468

Iter   45:  Σrew=1.077  grad=449.4  [phase1=1.2s bptt=2.4s elapsed=473s]
  heads (0/4 clipped)   trunk |g|=62 lim=1500 x1.00
        descend x1  |g|=     359 lim=  1500 x1.00         reach x1  |g|=     263 lim=  3000 x1.00  
          grasp x1  |g|=       0 lim=  1000 x1.00          move x1  |g|=       0 lim=  1000 x1.00  
    pick_and_place  rew=   1.077  ph=0  success=0/20 (0%) streak=0  | Reach=30%/0.0562  Descend=40%/0.0474  Grasp=40%/0.0474  Move=0%/0.1393

Iter   50:  Σrew=-0.028  grad=372.0  [phase1=1.2s bptt=2.4s elapsed=494s]
  heads (0/4 clipped)   trunk |g|=54 lim=1500 x1.00
          reach x1  |g|=     307 lim=  3000 x1.00       descend x1  |g|=     203 lim=  1500 x1.00  
          grasp x1  |g|=       0 lim=  1000 x1.00          move x1  |g|=       0 lim=  1000 x1.00  
    pick_and_place  rew=  -0.028  ph=0  success=0/20 (0%) streak=0  | Reach=15%/0.0802  Descend=50%/0.0450  Grasp=50%/0.0450  Move=0%/0.1569
  ✓ saved pick_and_place_{params,obs_rms,opt}.pkl + _{learning,gradients}.png at iter 50

Iter   55:  Σrew=1.878  grad=459.8  [phase1=1.3s bptt=2.4s elapsed=517s]
  heads (0/4 clipped)   trunk |g|=58 lim=1500 x1.00
          reach x1  |g|=     407 lim=  3000 x1.00       descend x1  |g|=     206 lim=  1500 x1.00  
          grasp x1  |g|=       0 lim=  1000 x1.00          move x1  |g|=       0 lim=  1000 x1.00  
    pick_and_place  rew=   1.878  ph=0  success=0/20 (0%) streak=0  | Reach=20%/0.0551  Descend=40%/0.0494  Grasp=40%/0.0494  Move=0%/0.1428

Iter   60:  Σrew=5.375  grad=880.5  [phase1=1.2s bptt=2.4s elapsed=538s]
  heads (0/4 clipped)   trunk |g|=155 lim=1500 x1.00
        descend x1  |g|=     820 lim=  1500 x1.00         reach x1  |g|=     282 lim=  3000 x1.00  
          grasp x1  |g|=       0 lim=  1000 x1.00          move x1  |g|=       0 lim=  1000 x1.00  
    pick_and_place  rew=   5.375  ph=0  success=0/20 (0%) streak=0  | Reach=20%/0.0654  Descend=75%/0.0323  Grasp=75%/0.0323  Move=0%/0.1356

Iter   65:  Σrew=3.608  grad=246.1  [phase1=1.2s bptt=2.4s elapsed=559s]
  heads (0/4 clipped)   trunk |g|=38 lim=1500 x1.00
          reach x1  |g|=     229 lim=  3000 x1.00       descend x1  |g|=      82 lim=  1500 x1.00  
          grasp x1  |g|=       0 lim=  1000 x1.00          move x1  |g|=       0 lim=  1000 x1.00  
    pick_and_place  rew=   3.608  ph=0  success=0/20 (0%) streak=0  | Reach=30%/0.0533  Descend=55%/0.0425  Grasp=55%/0.0425  Move=0%/0.1526

Iter   70:  Σrew=0.832  grad=504.1  [phase1=1.2s bptt=2.4s elapsed=580s]
  heads (0/4 clipped)   trunk |g|=66 lim=1500 x1.00
          reach x1  |g|=     446 lim=  3000 x1.00       descend x1  |g|=     225 lim=  1500 x1.00  
          grasp x1  |g|=       0 lim=  1000 x1.00          move x1  |g|=       0 lim=  1000 x1.00  
    pick_and_place  rew=   0.832  ph=0  success=0/20 (0%) streak=0  | Reach=35%/0.0482  Descend=45%/0.0418  Grasp=45%/0.0418  Move=0%/0.1482

Iter   75:  Σrew=1.780  grad=494.9  [phase1=1.2s bptt=2.4s elapsed=601s]
  heads (0/4 clipped)   trunk |g|=70 lim=1500 x1.00
          reach x1  |g|=     460 lim=  3000 x1.00       descend x1  |g|=     168 lim=  1500 x1.00  
          grasp x1  |g|=       0 lim=  1000 x1.00          move x1  |g|=       0 lim=  1000 x1.00  
    pick_and_place  rew=   1.780  ph=0  success=0/20 (0%) streak=0  | Reach=35%/0.0504  Descend=35%/0.0562  Grasp=35%/0.0562  Move=0%/0.1661

Iter   80:  Σrew=-0.812  grad=495.6  [phase1=1.2s bptt=2.4s elapsed=624s]
  heads (0/4 clipped)   trunk |g|=67 lim=1500 x1.00
          reach x1  |g|=     407 lim=  3000 x1.00       descend x1  |g|=     275 lim=  1500 x1.00  
          grasp x1  |g|=       0 lim=  1000 x1.00          move x1  |g|=       0 lim=  1000 x1.00  
    pick_and_place  rew=  -0.812  ph=0  success=0/20 (0%) streak=0  | Reach=35%/0.0499  Descend=20%/0.0705  Grasp=20%/0.0705  Move=0%/0.1352

Iter   85:  Σrew=0.552  grad=420.0  [phase1=1.2s bptt=2.4s elapsed=645s]
  heads (0/4 clipped)   trunk |g|=52 lim=1500 x1.00
          reach x1  |g|=     398 lim=  3000 x1.00       descend x1  |g|=     123 lim=  1500 x1.00  
          grasp x1  |g|=       0 lim=  1000 x1.00          move x1  |g|=       0 lim=  1000 x1.00  
    pick_and_place  rew=   0.552  ph=0  success=0/20 (0%) streak=0  | Reach=50%/0.0472  Descend=20%/0.0546  Grasp=20%/0.0546  Move=0%/0.1470

Iter   90:  Σrew=0.752  grad=508.5  [phase1=1.2s bptt=2.4s elapsed=666s]
  heads (0/4 clipped)   trunk |g|=67 lim=1500 x1.00
          reach x1  |g|=     453 lim=  3000 x1.00       descend x1  |g|=     221 lim=  1500 x1.00  
          grasp x1  |g|=       0 lim=  1000 x1.00          move x1  |g|=       0 lim=  1000 x1.00  
    pick_and_place  rew=   0.752  ph=0  success=0/20 (0%) streak=0  | Reach=55%/0.0380  Descend=20%/0.0570  Grasp=20%/0.0570  Move=0%/0.1453
    ──→ pick_and_place: phase 1, active=55

Iter   95:  Σrew=1.425  grad=574.4  [phase1=1.5s bptt=2.9s elapsed=691s]
  heads (0/4 clipped)   trunk |g|=80 lim=1500 x1.00
          reach x1  |g|=     470 lim=  3000 x1.00       descend x1  |g|=     318 lim=  1500 x1.00  
          grasp x1  |g|=      41 lim=  1000 x1.00          move x1  |g|=       0 lim=  1000 x1.00  
    pick_and_place  rew=   1.425  ph=1  success=0/20 (0%) streak=0  | Reach=55%/0.0407  Descend=0%/0.0927  Grasp=15%/0.0673  Move=0%/0.1503

Iter  100:  Σrew=0.928  grad=331.8  [phase1=1.4s bptt=2.9s elapsed=719s]
  heads (0/4 clipped)   trunk |g|=53 lim=1500 x1.00
          reach x1  |g|=     256 lim=  3000 x1.00       descend x1  |g|=     197 lim=  1500 x1.00  
          grasp x1  |g|=      55 lim=  1000 x1.00          move x1  |g|=       0 lim=  1000 x1.00  
    pick_and_place  rew=   0.928  ph=1  success=0/20 (0%) streak=0  | Reach=75%/0.0302  Descend=15%/0.0742  Grasp=0%/0.0570  Move=0%/0.1776
  ✓ saved pick_and_place_{params,obs_rms,opt}.pkl + _{learning,gradients}.png at iter 100

Iter  105:  Σrew=3.498  grad=405.4  [phase1=1.5s bptt=2.9s elapsed=746s]
  heads (0/4 clipped)   trunk |g|=70 lim=1500 x1.00
          reach x1  |g|=     297 lim=  3000 x1.00       descend x1  |g|=     262 lim=  1500 x1.00  
          grasp x1  |g|=      50 lim=  1000 x1.00          move x1  |g|=       0 lim=  1000 x1.00  
    pick_and_place  rew=   3.498  ph=1  success=0/20 (0%) streak=0  | Reach=50%/0.0446  Descend=35%/0.0486  Grasp=50%/0.0414  Move=0%/0.2192

Iter  110:  Σrew=12.577  grad=503.5  [phase1=1.4s bptt=2.9s elapsed=771s]
  heads (0/4 clipped)   trunk |g|=70 lim=1500 x1.00
          reach x1  |g|=     473 lim=  3000 x1.00       descend x1  |g|=     153 lim=  1500 x1.00  
          grasp x1  |g|=      45 lim=  1000 x1.00          move x1  |g|=       0 lim=  1000 x1.00  
    pick_and_place  rew=  12.577  ph=1  success=0/20 (0%) streak=0  | Reach=75%/0.0328  Descend=55%/0.0442  Grasp=10%/0.1989  Move=0%/0.1799

Iter  115:  Σrew=3.263  grad=830.8  [phase1=1.5s bptt=2.9s elapsed=797s]
  heads (0/4 clipped)   trunk |g|=115 lim=1500 x1.00
          reach x1  |g|=     681 lim=  3000 x1.00       descend x1  |g|=     462 lim=  1500 x1.00  
          grasp x1  |g|=       9 lim=  1000 x1.00          move x1  |g|=       0 lim=  1000 x1.00  
    pick_and_place  rew=   3.263  ph=1  success=0/20 (0%) streak=0  | Reach=85%/0.0272  Descend=35%/0.0448  Grasp=20%/0.2012  Move=0%/0.2035

Iter  120:  Σrew=14.414  grad=456.4  [phase1=1.4s bptt=2.9s elapsed=822s]
  heads (0/4 clipped)   trunk |g|=77 lim=1500 x1.00
        descend x1  |g|=     373 lim=  1500 x1.00         reach x1  |g|=     243 lim=  3000 x1.00  
          grasp x1  |g|=      62 lim=  1000 x1.00          move x1  |g|=       0 lim=  1000 x1.00  
    pick_and_place  rew=  14.414  ph=1  success=0/20 (0%) streak=0  | Reach=60%/0.0338  Descend=75%/0.0243  Grasp=55%/0.0859  Move=0%/0.2623

Iter  125:  Σrew=17.072  grad=630.0  [phase1=1.4s bptt=2.9s elapsed=850s]
  heads (0/4 clipped)   trunk |g|=127 lim=1500 x1.00
        descend x1  |g|=     440 lim=  1500 x1.00         reach x1  |g|=     432 lim=  3000 x1.00  
          grasp x1  |g|=      27 lim=  1000 x1.00          move x1  |g|=       0 lim=  1000 x1.00  
    pick_and_place  rew=  17.072  ph=1  success=1/20 (5%) streak=0  | Reach=60%/0.0315  Descend=95%/0.0241  Grasp=70%/0.0336  Move=5%/0.1980
    ──→ pick_and_place: phase 2, active=90

Iter  130:  Σrew=32.129  grad=608.4  [phase1=2.3s bptt=4.6s elapsed=888s]
  heads (0/4 clipped)   trunk |g|=104 lim=1500 x1.00
          reach x1  |g|=     504 lim=  3000 x1.00       descend x1  |g|=     306 lim=  1500 x1.00  
           move x1  |g|=     103 lim=  1000 x1.00         grasp x1  |g|=      32 lim=  1000 x1.00  
    pick_and_place  rew=  32.129  ph=2  success=0/20 (0%) streak=0  | Reach=60%/0.0382  Descend=85%/0.0239  Grasp=75%/0.0397  Move=0%/0.2106

Iter  135:  Σrew=39.030  grad=572.3  [phase1=2.3s bptt=4.7s elapsed=928s]
  heads (0/4 clipped)   trunk |g|=93 lim=1500 x1.00
          reach x1  |g|=     530 lim=  3000 x1.00          move x1  |g|=     157 lim=  1000 x1.00  
        descend x1  |g|=     111 lim=  1500 x1.00         grasp x1  |g|=      24 lim=  1000 x1.00  
    pick_and_place  rew=  39.030  ph=2  success=0/20 (0%) streak=0  | Reach=65%/0.0349  Descend=80%/0.0291  Grasp=80%/0.0353  Move=0%/0.2349
    ──→ pick_and_place: phase 3, active=90

Iter  140:  Σrew=41.832  grad=762.1  [phase1=2.2s bptt=4.7s elapsed=969s]
  heads (0/4 clipped)   trunk |g|=125 lim=1500 x1.00
          reach x1  |g|=     645 lim=  3000 x1.00       descend x1  |g|=     379 lim=  1500 x1.00  
           move x1  |g|=      63 lim=  1000 x1.00         grasp x1  |g|=      33 lim=  1000 x1.00  
    pick_and_place  rew=  41.832  ph=3  success=0/20 (0%) streak=0  | Reach=95%/0.0211  Descend=90%/0.0200  Grasp=55%/0.0630  Move=0%/0.1676

Iter  145:  Σrew=40.498  grad=485.3  [phase1=2.3s bptt=4.6s elapsed=1009s]
  heads (0/4 clipped)   trunk |g|=87 lim=1500 x1.00
          reach x1  |g|=     435 lim=  3000 x1.00       descend x1  |g|=     186 lim=  1500 x1.00  
           move x1  |g|=      58 lim=  1000 x1.00         grasp x1  |g|=      14 lim=  1000 x1.00  
    pick_and_place  rew=  40.498  ph=3  success=0/20 (0%) streak=0  | Reach=85%/0.0266  Descend=70%/0.0319  Grasp=60%/0.0604  Move=0%/0.1422

Iter  150:  Σrew=46.695  grad=798.0  [phase1=2.2s bptt=4.7s elapsed=1051s]
  heads (0/4 clipped)   trunk |g|=145 lim=1500 x1.00
          reach x1  |g|=     612 lim=  3000 x1.00       descend x1  |g|=     409 lim=  1500 x1.00  
           move x1  |g|=     268 lim=  1000 x1.00         grasp x1  |g|=      43 lim=  1000 x1.00  
    pick_and_place  rew=  46.695  ph=3  success=0/20 (0%) streak=0  | Reach=75%/0.0302  Descend=90%/0.0204  Grasp=70%/0.0441  Move=0%/0.1391
  ✓ saved pick_and_place_{params,obs_rms,opt}.pkl + _{learning,gradients}.png at iter 150

Iter  155:  Σrew=40.657  grad=495.7  [phase1=2.3s bptt=4.7s elapsed=1094s]
  heads (0/4 clipped)   trunk |g|=78 lim=1500 x1.00
          reach x1  |g|=     458 lim=  3000 x1.00       descend x1  |g|=     155 lim=  1500 x1.00  
           move x1  |g|=      73 lim=  1000 x1.00         grasp x1  |g|=      29 lim=  1000 x1.00  
    pick_and_place  rew=  40.657  ph=3  success=0/20 (0%) streak=0  | Reach=90%/0.0228  Descend=85%/0.0229  Grasp=55%/0.0747  Move=0%/0.1536

Iter  160:  Σrew=49.928  grad=887.5  [phase1=2.2s bptt=4.7s elapsed=1134s]
  heads (0/4 clipped)   trunk |g|=183 lim=1500 x1.00
        descend x1  |g|=     725 lim=  1500 x1.00         reach x1  |g|=     455 lim=  3000 x1.00  
           move x1  |g|=     145 lim=  1000 x1.00         grasp x1  |g|=      29 lim=  1000 x1.00  
    pick_and_place  rew=  49.928  ph=3  success=1/20 (5%) streak=0  | Reach=60%/0.0374  Descend=70%/0.0327  Grasp=50%/0.0724  Move=5%/0.1488

Iter  165:  Σrew=53.385  grad=428.8  [phase1=2.2s bptt=4.6s elapsed=1175s]
  heads (0/4 clipped)   trunk |g|=82 lim=1500 x1.00
          reach x1  |g|=     340 lim=  3000 x1.00       descend x1  |g|=     219 lim=  1500 x1.00  
           move x1  |g|=     112 lim=  1000 x1.00         grasp x1  |g|=      24 lim=  1000 x1.00  
    pick_and_place  rew=  53.385  ph=3  success=0/20 (0%) streak=0  | Reach=80%/0.0306  Descend=80%/0.0260  Grasp=60%/0.0715  Move=0%/0.1408

Iter  170:  Σrew=53.715  grad=653.7  [phase1=2.3s bptt=4.7s elapsed=1215s]
  heads (0/4 clipped)   trunk |g|=119 lim=1500 x1.00
        descend x1  |g|=     503 lim=  1500 x1.00         reach x1  |g|=     343 lim=  3000 x1.00  
           move x1  |g|=     204 lim=  1000 x1.00         grasp x1  |g|=      29 lim=  1000 x1.00  
    pick_and_place  rew=  53.715  ph=3  success=0/20 (0%) streak=0  | Reach=95%/0.0220  Descend=100%/0.0163  Grasp=75%/0.0392  Move=0%/0.1314

Iter  175:  Σrew=52.831  grad=1069.8  [phase1=2.2s bptt=4.7s elapsed=1257s]
  heads (0/4 clipped)   trunk |g|=290 lim=1500 x1.00
           move x1  |g|=     800 lim=  1000 x1.00       descend x1  |g|=     607 lim=  1500 x1.00  
          reach x1  |g|=     228 lim=  3000 x1.00         grasp x1  |g|=      27 lim=  1000 x1.00  
    pick_and_place  rew=  52.831  ph=3  success=0/20 (0%) streak=0  | Reach=75%/0.0287  Descend=100%/0.0141  Grasp=85%/0.0320  Move=0%/0.1301

Iter  180:  Σrew=63.060  grad=763.0  [phase1=2.2s bptt=4.7s elapsed=1298s]
  heads (0/4 clipped)   trunk |g|=167 lim=1500 x1.00
          reach x1  |g|=     653 lim=  3000 x1.00       descend x1  |g|=     264 lim=  1500 x1.00  
           move x1  |g|=     239 lim=  1000 x1.00         grasp x1  |g|=      31 lim=  1000 x1.00  
    pick_and_place  rew=  63.060  ph=3  success=0/20 (0%) streak=0  | Reach=75%/0.0314  Descend=100%/0.0162  Grasp=75%/0.0329  Move=0%/0.1223

Iter  185:  Σrew=58.459  grad=382.0  [phase1=2.2s bptt=4.6s elapsed=1338s]
  heads (0/4 clipped)   trunk |g|=116 lim=1500 x1.00
          reach x1  |g|=     252 lim=  3000 x1.00          move x1  |g|=     195 lim=  1000 x1.00  
        descend x1  |g|=     167 lim=  1500 x1.00         grasp x1  |g|=      52 lim=  1000 x1.00  
    pick_and_place  rew=  58.459  ph=3  success=0/20 (0%) streak=0  | Reach=80%/0.0323  Descend=75%/0.0293  Grasp=65%/0.0414  Move=0%/0.1266

Iter  190:  Σrew=61.157  grad=708.7  [phase1=2.2s bptt=4.7s elapsed=1379s]
  heads (0/4 clipped)   trunk |g|=134 lim=1500 x1.00
        descend x1  |g|=     569 lim=  1500 x1.00         reach x1  |g|=     365 lim=  3000 x1.00  
           move x1  |g|=     162 lim=  1000 x1.00         grasp x1  |g|=      22 lim=  1000 x1.00  
    pick_and_place  rew=  61.157  ph=3  success=0/20 (0%) streak=0  | Reach=90%/0.0253  Descend=100%/0.0272  Grasp=80%/0.0304  Move=0%/0.1801

Iter  195:  Σrew=68.779  grad=445.9  [phase1=4.0s bptt=4.7s elapsed=1421s]
  heads (0/4 clipped)   trunk |g|=117 lim=1500 x1.00
          reach x1  |g|=     368 lim=  3000 x1.00          move x1  |g|=     201 lim=  1000 x1.00  
        descend x1  |g|=      82 lim=  1500 x1.00         grasp x1  |g|=      49 lim=  1000 x1.00  
    pick_and_place  rew=  68.779  ph=3  success=2/20 (10%) streak=0  | Reach=95%/0.0219  Descend=80%/0.0303  Grasp=25%/0.0840  Move=10%/0.1331

Iter  200:  Σrew=64.904  grad=919.8  [phase1=2.2s bptt=4.6s elapsed=1462s]
  heads (0/4 clipped)   trunk |g|=224 lim=1500 x1.00
        descend x1  |g|=     809 lim=  1500 x1.00         reach x1  |g|=     342 lim=  3000 x1.00  
           move x1  |g|=     154 lim=  1000 x1.00         grasp x1  |g|=      34 lim=  1000 x1.00  
    pick_and_place  rew=  64.904  ph=3  success=0/20 (0%) streak=0  | Reach=100%/0.0217  Descend=95%/0.0147  Grasp=75%/0.0344  Move=0%/0.1181
  ✓ saved pick_and_place_{params,obs_rms,opt}.pkl + _{learning,gradients}.png at iter 200

Iter  205:  Σrew=79.195  grad=563.3  [phase1=2.3s bptt=4.7s elapsed=1504s]
  heads (0/4 clipped)   trunk |g|=161 lim=1500 x1.00
          reach x1  |g|=     328 lim=  3000 x1.00          move x1  |g|=     304 lim=  1000 x1.00  
        descend x1  |g|=     300 lim=  1500 x1.00         grasp x1  |g|=      35 lim=  1000 x1.00  
    pick_and_place  rew=  79.195  ph=3  success=1/20 (5%) streak=0  | Reach=100%/0.0241  Descend=90%/0.0174  Grasp=70%/0.0290  Move=5%/0.0890

Iter  210:  Σrew=73.627  grad=889.4  [phase1=2.4s bptt=4.7s elapsed=1545s]
  heads (0/4 clipped)   trunk |g|=339 lim=1500 x1.00
           move x1  |g|=     611 lim=  1000 x1.00         reach x1  |g|=     512 lim=  3000 x1.00  
        descend x1  |g|=     202 lim=  1500 x1.00         grasp x1  |g|=      20 lim=  1000 x1.00  
    pick_and_place  rew=  73.627  ph=3  success=0/20 (0%) streak=0  | Reach=90%/0.0239  Descend=100%/0.0134  Grasp=90%/0.0145  Move=0%/0.1008

Iter  215:  Σrew=74.681  grad=954.6  [phase1=2.5s bptt=4.7s elapsed=1587s]
  heads (0/4 clipped)   trunk |g|=338 lim=1500 x1.00
           move x1  |g|=     656 lim=  1000 x1.00         reach x1  |g|=     431 lim=  3000 x1.00  
        descend x1  |g|=     424 lim=  1500 x1.00         grasp x1  |g|=      38 lim=  1000 x1.00  
    pick_and_place  rew=  74.681  ph=3  success=3/20 (15%) streak=0  | Reach=90%/0.0215  Descend=100%/0.0092  Grasp=100%/0.0058  Move=15%/0.0620

Iter  220:  Σrew=71.405  grad=701.4  [phase1=2.4s bptt=4.7s elapsed=1628s]
  heads (0/4 clipped)   trunk |g|=212 lim=1500 x1.00
          reach x1  |g|=     429 lim=  3000 x1.00       descend x1  |g|=     364 lim=  1500 x1.00  
           move x1  |g|=     360 lim=  1000 x1.00         grasp x1  |g|=      22 lim=  1000 x1.00  
    pick_and_place  rew=  71.405  ph=3  success=1/20 (5%) streak=0  | Reach=90%/0.0239  Descend=100%/0.0130  Grasp=90%/0.0151  Move=5%/0.0691

Iter  225:  Σrew=84.406  grad=994.8  [phase1=2.4s bptt=4.7s elapsed=1672s]
  heads (0/4 clipped)   trunk |g|=267 lim=1500 x1.00
        descend x1  |g|=     597 lim=  1500 x1.00         reach x1  |g|=     548 lim=  3000 x1.00  
           move x1  |g|=     510 lim=  1000 x1.00         grasp x1  |g|=      39 lim=  1000 x1.00  
    pick_and_place  rew=  84.406  ph=3  success=2/20 (10%) streak=0  | Reach=100%/0.0205  Descend=100%/0.0209  Grasp=90%/0.0247  Move=10%/0.0965

Iter  230:  Σrew=65.143  grad=710.0  [phase1=2.4s bptt=4.7s elapsed=1714s]
  heads (0/4 clipped)   trunk |g|=233 lim=1500 x1.00
        descend x1  |g|=     434 lim=  1500 x1.00          move x1  |g|=     387 lim=  1000 x1.00  
          reach x1  |g|=     332 lim=  3000 x1.00         grasp x1  |g|=      42 lim=  1000 x1.00  
    pick_and_place  rew=  65.143  ph=3  success=3/20 (15%) streak=0  | Reach=95%/0.0223  Descend=100%/0.0155  Grasp=85%/0.0234  Move=15%/0.0861

Iter  235:  Σrew=43.616  grad=1012.2  [phase1=2.6s bptt=4.7s elapsed=1755s]
  heads (0/4 clipped)   trunk |g|=160 lim=1500 x1.00
        descend x1  |g|=     765 lim=  1500 x1.00         reach x1  |g|=     633 lim=  3000 x1.00  
           move x1  |g|=     110 lim=  1000 x1.00         grasp x1  |g|=      35 lim=  1000 x1.00  
    pick_and_place  rew=  43.616  ph=3  success=2/20 (10%) streak=0  | Reach=95%/0.0254  Descend=70%/0.0275  Grasp=55%/0.0453  Move=10%/0.1019

Iter  240:  Σrew=83.146  grad=1156.6  [phase1=2.4s bptt=4.7s elapsed=1797s]
  heads (0/4 clipped)   trunk |g|=374 lim=1500 x1.00
          reach x1  |g|=     777 lim=  3000 x1.00          move x1  |g|=     547 lim=  1000 x1.00  
        descend x1  |g|=     542 lim=  1500 x1.00         grasp x1  |g|=      29 lim=  1000 x1.00  
    pick_and_place  rew=  83.146  ph=3  success=7/20 (35%) streak=0  | Reach=85%/0.0240  Descend=95%/0.0161  Grasp=85%/0.0256  Move=35%/0.0599

Iter  245:  Σrew=83.926  grad=761.6  [phase1=2.4s bptt=4.7s elapsed=1841s]
  heads (0/4 clipped)   trunk |g|=222 lim=1500 x1.00
           move x1  |g|=     598 lim=  1000 x1.00       descend x1  |g|=     300 lim=  1500 x1.00  
          reach x1  |g|=     288 lim=  3000 x1.00         grasp x1  |g|=      28 lim=  1000 x1.00  
    pick_and_place  rew=  83.926  ph=3  success=8/20 (40%) streak=0  | Reach=100%/0.0169  Descend=100%/0.0126  Grasp=95%/0.0137  Move=40%/0.0561

Iter  250:  Σrew=81.312  grad=1071.7  [phase1=2.2s bptt=4.7s elapsed=1881s]
  heads (0/4 clipped)   trunk |g|=294 lim=1500 x1.00
          reach x1  |g|=     677 lim=  3000 x1.00       descend x1  |g|=     652 lim=  1500 x1.00  
           move x1  |g|=     421 lim=  1000 x1.00         grasp x1  |g|=      23 lim=  1000 x1.00  
    pick_and_place  rew=  81.312  ph=3  success=6/20 (30%) streak=0  | Reach=100%/0.0172  Descend=100%/0.0111  Grasp=95%/0.0087  Move=30%/0.0492
  ✓ saved pick_and_place_{params,obs_rms,opt}.pkl + _{learning,gradients}.png at iter 250

Iter  255:  Σrew=74.435  grad=752.1  [phase1=2.2s bptt=4.7s elapsed=1924s]
  heads (0/4 clipped)   trunk |g|=148 lim=1500 x1.00
          reach x1  |g|=     621 lim=  3000 x1.00          move x1  |g|=     282 lim=  1000 x1.00  
        descend x1  |g|=     275 lim=  1500 x1.00         grasp x1  |g|=      51 lim=  1000 x1.00  
    pick_and_place  rew=  74.435  ph=3  success=1/20 (5%) streak=0  | Reach=100%/0.0178  Descend=90%/0.0178  Grasp=70%/0.0322  Move=5%/0.1185

Iter  260:  Σrew=82.057  grad=754.7  [phase1=2.3s bptt=4.7s elapsed=1965s]
  heads (0/4 clipped)   trunk |g|=271 lim=1500 x1.00
          reach x1  |g|=     610 lim=  3000 x1.00          move x1  |g|=     341 lim=  1000 x1.00  
        descend x1  |g|=      89 lim=  1500 x1.00         grasp x1  |g|=      13 lim=  1000 x1.00  
    pick_and_place  rew=  82.057  ph=3  success=7/20 (35%) streak=0  | Reach=90%/0.0248  Descend=95%/0.0168  Grasp=100%/0.0191  Move=35%/0.0940

Iter  265:  Σrew=79.304  grad=1214.4  [phase1=2.4s bptt=4.7s elapsed=2005s]
  heads (0/4 clipped)   trunk |g|=338 lim=1500 x1.00
        descend x1  |g|=     908 lim=  1500 x1.00         reach x1  |g|=     615 lim=  3000 x1.00  
           move x1  |g|=     396 lim=  1000 x1.00         grasp x1  |g|=      25 lim=  1000 x1.00  
    pick_and_place  rew=  79.304  ph=3  success=2/20 (10%) streak=0  | Reach=95%/0.0219  Descend=95%/0.0139  Grasp=95%/0.0137  Move=10%/0.0752

Iter  270:  Σrew=88.043  grad=1781.7  [phase1=2.3s bptt=4.7s elapsed=2046s]
  heads (1/4 clipped)   trunk |g|=556 lim=1500 x1.00
           move x1  |g|=    1549 lim=  1000 x0.65         reach x1  |g|=     566 lim=  3000 x1.00  
        descend x1  |g|=     381 lim=  1500 x1.00         grasp x1  |g|=      18 lim=  1000 x1.00  
    pick_and_place  rew=  88.043  ph=3  success=6/20 (30%) streak=0  | Reach=100%/0.0195  Descend=85%/0.0159  Grasp=90%/0.0168  Move=30%/0.0534

Iter  275:  Σrew=85.723  grad=902.0  [phase1=2.3s bptt=4.7s elapsed=2089s]
  heads (0/4 clipped)   trunk |g|=248 lim=1500 x1.00
          reach x1  |g|=     618 lim=  3000 x1.00          move x1  |g|=     570 lim=  1000 x1.00  
        descend x1  |g|=     206 lim=  1500 x1.00         grasp x1  |g|=      47 lim=  1000 x1.00  
    pick_and_place  rew=  85.723  ph=3  success=3/20 (15%) streak=0  | Reach=85%/0.0230  Descend=100%/0.0120  Grasp=90%/0.0175  Move=15%/0.0641

Iter  280:  Σrew=81.258  grad=795.0  [phase1=2.4s bptt=4.7s elapsed=2130s]
  heads (0/4 clipped)   trunk |g|=257 lim=1500 x1.00
          reach x1  |g|=     586 lim=  3000 x1.00          move x1  |g|=     430 lim=  1000 x1.00  
        descend x1  |g|=     195 lim=  1500 x1.00         grasp x1  |g|=      19 lim=  1000 x1.00  
    pick_and_place  rew=  81.258  ph=3  success=4/20 (20%) streak=0  | Reach=100%/0.0183  Descend=95%/0.0164  Grasp=80%/0.0275  Move=20%/0.0725

Iter  285:  Σrew=77.547  grad=812.6  [phase1=2.2s bptt=4.7s elapsed=2170s]
  heads (0/4 clipped)   trunk |g|=299 lim=1500 x1.00
          reach x1  |g|=     525 lim=  3000 x1.00          move x1  |g|=     498 lim=  1000 x1.00  
        descend x1  |g|=     202 lim=  1500 x1.00         grasp x1  |g|=      82 lim=  1000 x1.00  
    pick_and_place  rew=  77.547  ph=3  success=4/20 (20%) streak=0  | Reach=95%/0.0199  Descend=100%/0.0101  Grasp=100%/0.0089  Move=20%/0.0669

Iter  290:  Σrew=88.302  grad=890.1  [phase1=2.3s bptt=4.7s elapsed=2211s]
  heads (0/4 clipped)   trunk |g|=266 lim=1500 x1.00
           move x1  |g|=     651 lim=  1000 x1.00         reach x1  |g|=     537 lim=  3000 x1.00  
        descend x1  |g|=      89 lim=  1500 x1.00         grasp x1  |g|=      31 lim=  1000 x1.00  
    pick_and_place  rew=  88.302  ph=3  success=8/20 (40%) streak=0  | Reach=100%/0.0171  Descend=100%/0.0107  Grasp=95%/0.0129  Move=40%/0.0429

Iter  295:  Σrew=96.352  grad=1090.3  [phase1=2.2s bptt=4.7s elapsed=2253s]
  heads (0/4 clipped)   trunk |g|=367 lim=1500 x1.00
          reach x1  |g|=     696 lim=  3000 x1.00          move x1  |g|=     686 lim=  1000 x1.00  
        descend x1  |g|=     313 lim=  1500 x1.00         grasp x1  |g|=      14 lim=  1000 x1.00  
    pick_and_place  rew=  96.352  ph=3  success=13/20 (65%) streak=0  | Reach=100%/0.0233  Descend=100%/0.0069  Grasp=100%/0.0060  Move=65%/0.0262

Iter  300:  Σrew=89.947  grad=1389.1  [phase1=2.2s bptt=4.7s elapsed=2294s]
  heads (0/4 clipped)   trunk |g|=300 lim=1500 x1.00
        descend x1  |g|=    1097 lim=  1500 x1.00         reach x1  |g|=     687 lim=  3000 x1.00  
           move x1  |g|=     406 lim=  1000 x1.00         grasp x1  |g|=      18 lim=  1000 x1.00  
    pick_and_place  rew=  89.947  ph=3  success=9/20 (45%) streak=0  | Reach=100%/0.0225  Descend=100%/0.0142  Grasp=85%/0.0164  Move=45%/0.0580
  ✓ saved pick_and_place_{params,obs_rms,opt}.pkl + _{learning,gradients}.png at iter 300

Iter  305:  Σrew=91.137  grad=1054.0  [phase1=2.4s bptt=4.7s elapsed=2337s]
  heads (0/4 clipped)   trunk |g|=453 lim=1500 x1.00
           move x1  |g|=     680 lim=  1000 x1.00         reach x1  |g|=     635 lim=  3000 x1.00  
        descend x1  |g|=     198 lim=  1500 x1.00         grasp x1  |g|=      25 lim=  1000 x1.00  
    pick_and_place  rew=  91.137  ph=3  success=12/20 (60%) streak=0  | Reach=85%/0.0253  Descend=90%/0.0184  Grasp=80%/0.0229  Move=60%/0.0515

Iter  310:  Σrew=91.492  grad=1987.1  [phase1=2.3s bptt=4.7s elapsed=2377s]
  heads (1/4 clipped)   trunk |g|=574 lim=1500 x1.00
           move x1  |g|=    1701 lim=  1000 x0.59         reach x1  |g|=     825 lim=  3000 x1.00  
        descend x1  |g|=     211 lim=  1500 x1.00         grasp x1  |g|=      29 lim=  1000 x1.00  
    pick_and_place  rew=  91.492  ph=3  success=10/20 (50%) streak=0  | Reach=95%/0.0238  Descend=90%/0.0199  Grasp=85%/0.0219  Move=50%/0.0499

Iter  315:  Σrew=91.389  grad=975.5  [phase1=2.2s bptt=4.7s elapsed=2418s]
  heads (0/4 clipped)   trunk |g|=384 lim=1500 x1.00
           move x1  |g|=     711 lim=  1000 x1.00         reach x1  |g|=     536 lim=  3000 x1.00  
        descend x1  |g|=      99 lim=  1500 x1.00         grasp x1  |g|=      44 lim=  1000 x1.00  
    pick_and_place  rew=  91.389  ph=3  success=8/20 (40%) streak=0  | Reach=95%/0.0276  Descend=85%/0.0204  Grasp=75%/0.0249  Move=40%/0.0898

Iter  320:  Σrew=67.496  grad=633.5  [phase1=2.2s bptt=4.7s elapsed=2461s]
  heads (0/4 clipped)   trunk |g|=167 lim=1500 x1.00
          reach x1  |g|=     452 lim=  3000 x1.00       descend x1  |g|=     353 lim=  1500 x1.00  
           move x1  |g|=     199 lim=  1000 x1.00         grasp x1  |g|=      65 lim=  1000 x1.00  
    pick_and_place  rew=  67.496  ph=3  success=4/20 (20%) streak=0  | Reach=95%/0.0194  Descend=95%/0.0174  Grasp=70%/0.0330  Move=20%/0.1151

Iter  325:  Σrew=69.282  grad=1106.6  [phase1=2.2s bptt=4.7s elapsed=2502s]
  heads (0/4 clipped)   trunk |g|=320 lim=1500 x1.00
           move x1  |g|=     738 lim=  1000 x1.00         reach x1  |g|=     624 lim=  3000 x1.00  
        descend x1  |g|=     432 lim=  1500 x1.00         grasp x1  |g|=      41 lim=  1000 x1.00  
    pick_and_place  rew=  69.282  ph=3  success=7/20 (35%) streak=0  | Reach=95%/0.0202  Descend=100%/0.0130  Grasp=80%/0.0234  Move=35%/0.0970

Iter  330:  Σrew=87.422  grad=1013.7  [phase1=2.2s bptt=4.7s elapsed=2542s]
  heads (0/4 clipped)   trunk |g|=388 lim=1500 x1.00
           move x1  |g|=     779 lim=  1000 x1.00         reach x1  |g|=     454 lim=  3000 x1.00  
        descend x1  |g|=     238 lim=  1500 x1.00         grasp x1  |g|=      86 lim=  1000 x1.00  
    pick_and_place  rew=  87.422  ph=3  success=6/20 (30%) streak=0  | Reach=100%/0.0238  Descend=100%/0.0136  Grasp=90%/0.0143  Move=30%/0.0566

Iter  335:  Σrew=94.214  grad=1342.8  [phase1=2.3s bptt=4.7s elapsed=2583s]
  heads (1/4 clipped)   trunk |g|=428 lim=1500 x1.00
           move x1  |g|=    1001 lim=  1000 x1.00         reach x1  |g|=     700 lim=  3000 x1.00  
        descend x1  |g|=     357 lim=  1500 x1.00         grasp x1  |g|=      28 lim=  1000 x1.00  
    pick_and_place  rew=  94.214  ph=3  success=11/20 (55%) streak=0  | Reach=85%/0.0260  Descend=80%/0.0220  Grasp=80%/0.0259  Move=55%/0.0649

Iter  340:  Σrew=74.848  grad=746.0  [phase1=2.3s bptt=4.7s elapsed=2624s]
  heads (0/4 clipped)   trunk |g|=250 lim=1500 x1.00
          reach x1  |g|=     581 lim=  3000 x1.00          move x1  |g|=     377 lim=  1000 x1.00  
        descend x1  |g|=     107 lim=  1500 x1.00         grasp x1  |g|=      53 lim=  1000 x1.00  
    pick_and_place  rew=  74.848  ph=3  success=7/20 (35%) streak=0  | Reach=85%/0.0294  Descend=95%/0.0159  Grasp=80%/0.0184  Move=35%/0.0887

Iter  345:  Σrew=94.412  grad=1270.6  [phase1=2.3s bptt=4.7s elapsed=2666s]
  heads (1/4 clipped)   trunk |g|=500 lim=1500 x1.00
           move x1  |g|=    1093 lim=  1000 x0.92       descend x1  |g|=     332 lim=  1500 x1.00  
          reach x1  |g|=     244 lim=  3000 x1.00         grasp x1  |g|=      24 lim=  1000 x1.00  
    pick_and_place  rew=  94.412  ph=3  success=13/20 (65%) streak=0  | Reach=100%/0.0232  Descend=95%/0.0133  Grasp=95%/0.0109  Move=65%/0.0316

Iter  350:  Σrew=68.860  grad=749.6  [phase1=2.2s bptt=4.7s elapsed=2707s]
  heads (0/4 clipped)   trunk |g|=260 lim=1500 x1.00
          reach x1  |g|=     582 lim=  3000 x1.00          move x1  |g|=     290 lim=  1000 x1.00  
        descend x1  |g|=     265 lim=  1500 x1.00         grasp x1  |g|=      30 lim=  1000 x1.00  
    pick_and_place  rew=  68.860  ph=3  success=5/20 (25%) streak=0  | Reach=90%/0.0233  Descend=85%/0.0175  Grasp=80%/0.0161  Move=25%/0.0709
  ✓ saved pick_and_place_{params,obs_rms,opt}.pkl + _{learning,gradients}.png at iter 350

Iter  355:  Σrew=89.130  grad=1216.4  [phase1=2.4s bptt=4.7s elapsed=2749s]
  heads (0/4 clipped)   trunk |g|=393 lim=1500 x1.00
           move x1  |g|=     958 lim=  1000 x1.00         reach x1  |g|=     522 lim=  3000 x1.00  
        descend x1  |g|=     361 lim=  1500 x1.00         grasp x1  |g|=      60 lim=  1000 x1.00  
    pick_and_place  rew=  89.130  ph=3  success=9/20 (45%) streak=0  | Reach=100%/0.0219  Descend=90%/0.0173  Grasp=75%/0.0268  Move=45%/0.0917

Iter  360:  Σrew=102.072  grad=706.1  [phase1=2.3s bptt=4.7s elapsed=2790s]
  heads (0/4 clipped)   trunk |g|=218 lim=1500 x1.00
           move x1  |g|=     580 lim=  1000 x1.00         reach x1  |g|=     246 lim=  3000 x1.00  
        descend x1  |g|=     228 lim=  1500 x1.00         grasp x1  |g|=      48 lim=  1000 x1.00  
    pick_and_place  rew= 102.072  ph=3  success=13/20 (65%) streak=0  | Reach=100%/0.0178  Descend=100%/0.0132  Grasp=100%/0.0146  Move=65%/0.0437

Iter  365:  Σrew=86.066  grad=2051.0  [phase1=2.2s bptt=4.7s elapsed=2830s]
  heads (1/4 clipped)   trunk |g|=517 lim=1500 x1.00
        descend x1  |g|=    1824 lim=  1500 x0.82         reach x1  |g|=     614 lim=  3000 x1.00  
           move x1  |g|=     486 lim=  1000 x1.00         grasp x1  |g|=      31 lim=  1000 x1.00  
    pick_and_place  rew=  86.066  ph=3  success=10/20 (50%) streak=0  | Reach=95%/0.0238  Descend=100%/0.0176  Grasp=80%/0.0239  Move=50%/0.0861

Iter  370:  Σrew=101.449  grad=1198.6  [phase1=2.3s bptt=4.7s elapsed=2871s]
  heads (0/4 clipped)   trunk |g|=538 lim=1500 x1.00
           move x1  |g|=     769 lim=  1000 x1.00         reach x1  |g|=     561 lim=  3000 x1.00  
        descend x1  |g|=     485 lim=  1500 x1.00         grasp x1  |g|=      80 lim=  1000 x1.00  
    pick_and_place  rew= 101.449  ph=3  success=12/20 (60%) streak=0  | Reach=100%/0.0167  Descend=100%/0.0098  Grasp=100%/0.0105  Move=60%/0.0421

Iter  375:  Σrew=79.023  grad=465.8  [phase1=2.2s bptt=4.7s elapsed=2913s]
  heads (0/4 clipped)   trunk |g|=155 lim=1500 x1.00
          reach x1  |g|=     308 lim=  3000 x1.00       descend x1  |g|=     232 lim=  1500 x1.00  
           move x1  |g|=     195 lim=  1000 x1.00         grasp x1  |g|=      76 lim=  1000 x1.00  
    pick_and_place  rew=  79.023  ph=3  success=5/20 (25%) streak=0  | Reach=85%/0.0243  Descend=85%/0.0260  Grasp=70%/0.0272  Move=25%/0.1112

Iter  380:  Σrew=100.737  grad=934.8  [phase1=2.3s bptt=4.7s elapsed=2954s]
  heads (0/4 clipped)   trunk |g|=272 lim=1500 x1.00
          reach x1  |g|=     598 lim=  3000 x1.00          move x1  |g|=     577 lim=  1000 x1.00  
        descend x1  |g|=     309 lim=  1500 x1.00         grasp x1  |g|=     119 lim=  1000 x1.00  
    pick_and_place  rew= 100.737  ph=3  success=1/20 (5%) streak=0  | Reach=95%/0.0282  Descend=50%/0.0406  Grasp=15%/0.0599  Move=5%/0.1380

Iter  385:  Σrew=103.568  grad=1073.9  [phase1=2.3s bptt=4.7s elapsed=2995s]
  heads (0/4 clipped)   trunk |g|=382 lim=1500 x1.00
           move x1  |g|=     901 lim=  1000 x1.00       descend x1  |g|=     318 lim=  1500 x1.00  
          reach x1  |g|=     302 lim=  3000 x1.00         grasp x1  |g|=      63 lim=  1000 x1.00  
    pick_and_place  rew= 103.568  ph=3  success=15/20 (75%) streak=0  | Reach=100%/0.0159  Descend=100%/0.0115  Grasp=100%/0.0120  Move=75%/0.0351

Iter  390:  Σrew=91.738  grad=978.8  [phase1=2.4s bptt=4.7s elapsed=3036s]
  heads (0/4 clipped)   trunk |g|=278 lim=1500 x1.00
          reach x1  |g|=     814 lim=  3000 x1.00          move x1  |g|=     396 lim=  1000 x1.00  
        descend x1  |g|=     245 lim=  1500 x1.00         grasp x1  |g|=      31 lim=  1000 x1.00  
    pick_and_place  rew=  91.738  ph=3  success=14/20 (70%) streak=0  | Reach=95%/0.0170  Descend=100%/0.0124  Grasp=100%/0.0088  Move=70%/0.0405

Iter  395:  Σrew=106.360  grad=1006.5  [phase1=2.4s bptt=4.7s elapsed=3079s]
  heads (0/4 clipped)   trunk |g|=459 lim=1500 x1.00
           move x1  |g|=     860 lim=  1000 x1.00         reach x1  |g|=     181 lim=  3000 x1.00  
        descend x1  |g|=     169 lim=  1500 x1.00         grasp x1  |g|=      26 lim=  1000 x1.00  
    pick_and_place  rew= 106.360  ph=3  success=16/20 (80%) streak=1  | Reach=100%/0.0158  Descend=100%/0.0124  Grasp=100%/0.0070  Move=80%/0.0192

Iter  400:  Σrew=100.438  grad=948.5  [phase1=2.4s bptt=4.7s elapsed=3121s]
  heads (0/4 clipped)   trunk |g|=294 lim=1500 x1.00
           move x1  |g|=     588 lim=  1000 x1.00       descend x1  |g|=     518 lim=  1500 x1.00  
          reach x1  |g|=     445 lim=  3000 x1.00         grasp x1  |g|=      23 lim=  1000 x1.00  
    pick_and_place  rew= 100.438  ph=3  success=10/20 (50%) streak=0  | Reach=100%/0.0172  Descend=95%/0.0130  Grasp=95%/0.0138  Move=50%/0.0500
  ✓ saved pick_and_place_{params,obs_rms,opt}.pkl + _{learning,gradients}.png at iter 400

Iter  405:  Σrew=97.644  grad=2114.5  [phase1=2.5s bptt=4.7s elapsed=3165s]
  heads (1/4 clipped)   trunk |g|=634 lim=1500 x1.00
        descend x1  |g|=    1820 lim=  1500 x0.82          move x1  |g|=     860 lim=  1000 x1.00  
          reach x1  |g|=     122 lim=  3000 x1.00         grasp x1  |g|=      37 lim=  1000 x1.00  
    pick_and_place  rew=  97.644  ph=3  success=12/20 (60%) streak=0  | Reach=100%/0.0176  Descend=90%/0.0161  Grasp=85%/0.0170  Move=60%/0.0536

Iter  410:  Σrew=101.340  grad=668.2  [phase1=2.3s bptt=4.7s elapsed=3206s]
  heads (0/4 clipped)   trunk |g|=277 lim=1500 x1.00
           move x1  |g|=     529 lim=  1000 x1.00         reach x1  |g|=     273 lim=  3000 x1.00  
        descend x1  |g|=     118 lim=  1500 x1.00         grasp x1  |g|=      37 lim=  1000 x1.00  
    pick_and_place  rew= 101.340  ph=3  success=15/20 (75%) streak=0  | Reach=100%/0.0161  Descend=100%/0.0095  Grasp=100%/0.0117  Move=75%/0.0411

Iter  415:  Σrew=83.944  grad=844.8  [phase1=2.4s bptt=4.7s elapsed=3247s]
  heads (0/4 clipped)   trunk |g|=233 lim=1500 x1.00
          reach x1  |g|=     594 lim=  3000 x1.00          move x1  |g|=     495 lim=  1000 x1.00  
        descend x1  |g|=     244 lim=  1500 x1.00         grasp x1  |g|=      49 lim=  1000 x1.00  
    pick_and_place  rew=  83.944  ph=3  success=10/20 (50%) streak=0  | Reach=100%/0.0171  Descend=100%/0.0117  Grasp=95%/0.0134  Move=50%/0.0558

Iter  420:  Σrew=109.263  grad=1604.4  [phase1=2.6s bptt=4.7s elapsed=3289s]
  heads (1/4 clipped)   trunk |g|=493 lim=1500 x1.00
           move x1  |g|=    1357 lim=  1000 x0.74         reach x1  |g|=     604 lim=  3000 x1.00  
        descend x1  |g|=     349 lim=  1500 x1.00         grasp x1  |g|=      57 lim=  1000 x1.00  
    pick_and_place  rew= 109.263  ph=3  success=15/20 (75%) streak=0  | Reach=100%/0.0156  Descend=100%/0.0190  Grasp=100%/0.0228  Move=75%/0.0422

Iter  425:  Σrew=96.488  grad=817.1  [phase1=2.4s bptt=4.7s elapsed=3332s]
  heads (0/4 clipped)   trunk |g|=272 lim=1500 x1.00
          reach x1  |g|=     579 lim=  3000 x1.00          move x1  |g|=     390 lim=  1000 x1.00  
        descend x1  |g|=     322 lim=  1500 x1.00         grasp x1  |g|=      57 lim=  1000 x1.00  
    pick_and_place  rew=  96.488  ph=3  success=16/20 (80%) streak=1  | Reach=100%/0.0153  Descend=100%/0.0118  Grasp=95%/0.0122  Move=80%/0.0265

Iter  430:  Σrew=96.180  grad=1054.9  [phase1=2.3s bptt=4.7s elapsed=3373s]
  heads (0/4 clipped)   trunk |g|=346 lim=1500 x1.00
           move x1  |g|=     876 lim=  1000 x1.00       descend x1  |g|=     400 lim=  1500 x1.00  
          reach x1  |g|=     250 lim=  3000 x1.00         grasp x1  |g|=      57 lim=  1000 x1.00  
    pick_and_place  rew=  96.180  ph=3  success=16/20 (80%) streak=2  | Reach=100%/0.0151  Descend=100%/0.0086  Grasp=100%/0.0076  Move=80%/0.0383

Iter  435:  Σrew=113.799  grad=803.6  [phase1=2.4s bptt=4.7s elapsed=3414s]
  heads (0/4 clipped)   trunk |g|=289 lim=1500 x1.00
        descend x1  |g|=     650 lim=  1500 x1.00          move x1  |g|=     309 lim=  1000 x1.00  
          reach x1  |g|=     202 lim=  3000 x1.00         grasp x1  |g|=      53 lim=  1000 x1.00  
    pick_and_place  rew= 113.799  ph=3  success=20/20 (100%) streak=3  | Reach=100%/0.0142  Descend=100%/0.0080  Grasp=100%/0.0057  Move=100%/0.0134

Iter  440:  Σrew=111.362  grad=662.5  [phase1=2.5s bptt=4.7s elapsed=3456s]
  heads (0/4 clipped)   trunk |g|=347 lim=1500 x1.00
           move x1  |g|=     475 lim=  1000 x1.00       descend x1  |g|=     268 lim=  1500 x1.00  
          reach x1  |g|=     119 lim=  3000 x1.00         grasp x1  |g|=      81 lim=  1000 x1.00  
  ✓ pick_and_place  rew= 111.362  ph=3  success=18/20 (90%) streak=4  | Reach=100%/0.0134  Descend=95%/0.0137  Grasp=95%/0.0077  Move=90%/0.0170

✓ All 1 tasks solved (4 consecutive ≥80%) at iter 440.

Training stopped: all tasks solved after 440 iters, 3461.2s this run
  ✓ saved pick_and_place_{params,obs_rms,opt}.pkl + _{learning,gradients}.png at iter 440 (final)
